[    0.000000] Linux version 4.15.0-171-generic (buildd@ubuntu) (gcc version 7.5.0 (Ubuntu 7.5.0-3ubuntu1~18.04)) #180-Ubuntu SMP Wed Mar 2 17:25:05 UTC 2022 (Ubuntu 4.15.0-171.180-generic 4.15.18)
[    0.000000] Command line: BOOT_IMAGE=/boot/vmlinuz-4.15.0-171-generic root=LABEL=cloudimg-rootfs ro console=tty1 console=ttyS0
[    0.000000] KERNEL supported cpus:
[    0.000000]   Intel GenuineIntel
[    0.000000]   AMD AuthenticAMD
[    0.000000]   Centaur CentaurHauls
[    0.000000] x86/fpu: x87 FPU will use FXSAVE
[    0.000000] e820: BIOS-provided physical RAM map:
[    0.000000] BIOS-e820: [mem 0x0000000000000000-0x000000000009fbff] usable
[    0.000000] BIOS-e820: [mem 0x000000000009fc00-0x000000000009ffff] reserved
[    0.000000] BIOS-e820: [mem 0x00000000000f0000-0x00000000000fffff] reserved
[    0.000000] BIOS-e820: [mem 0x0000000000100000-0x000000003ffeffff] usable
[    0.000000] BIOS-e820: [mem 0x000000003fff0000-0x000000003fffffff] ACPI data
[    0.000000] BIOS-e820: [mem 0x00000000fec00000-0x00000000fec00fff] reserved
[    0.000000] BIOS-e820: [mem 0x00000000fee00000-0x00000000fee00fff] reserved
[    0.000000] BIOS-e820: [mem 0x00000000fffc0000-0x00000000ffffffff] reserved
[    0.000000] NX (Execute Disable) protection: active
[    0.000000] SMBIOS 2.5 present.
[    0.000000] DMI: innotek GmbH VirtualBox/VirtualBox, BIOS VirtualBox 12/01/2006
[    0.000000] Hypervisor detected: KVM
[    0.000000] e820: last_pfn = 0x3fff0 max_arch_pfn = 0x400000000
[    0.000000] MTRR: Disabled
[    0.000000] x86/PAT: MTRRs disabled, skipping PAT initialization too.
[    0.000000] CPU MTRRs all blank - virtualized system.
[    0.000000] x86/PAT: Configuration [0-7]: WB  WT  UC- UC  WB  WT  UC- UC  
[    0.000000] found SMP MP-table at [mem 0x0009fff0-0x0009ffff]
[    0.000000] Scanning 1 areas for low memory corruption
[    0.000000] RAMDISK: [mem 0x359c7000-0x36cdafff]
[    0.000000] ACPI: Early table checksum verification disabled
[    0.000000] ACPI: RSDP 0x00000000000E0000 000024 (v02 VBOX  )
[    0.000000] ACPI: XSDT 0x000000003FFF0030 00003C (v01 VBOX   VBOXXSDT 00000001 ASL  00000061)
[    0.000000] ACPI: FACP 0x000000003FFF00F0 0000F4 (v04 VBOX   VBOXFACP 00000001 ASL  00000061)
[    0.000000] ACPI: DSDT 0x000000003FFF0470 002325 (v02 VBOX   VBOXBIOS 00000002 INTL 20100528)
[    0.000000] ACPI: FACS 0x000000003FFF0200 000040
[    0.000000] ACPI: FACS 0x000000003FFF0200 000040
[    0.000000] ACPI: APIC 0x000000003FFF0240 00005C (v02 VBOX   VBOXAPIC 00000001 ASL  00000061)
[    0.000000] ACPI: SSDT 0x000000003FFF02A0 0001CC (v01 VBOX   VBOXCPUT 00000002 INTL 20100528)
[    0.000000] ACPI: Reserving FACP table memory at [mem 0x3fff00f0-0x3fff01e3]
[    0.000000] ACPI: Reserving DSDT table memory at [mem 0x3fff0470-0x3fff2794]
[    0.000000] ACPI: Reserving FACS table memory at [mem 0x3fff0200-0x3fff023f]
[    0.000000] ACPI: Reserving FACS table memory at [mem 0x3fff0200-0x3fff023f]
[    0.000000] ACPI: Reserving APIC table memory at [mem 0x3fff0240-0x3fff029b]
[    0.000000] ACPI: Reserving SSDT table memory at [mem 0x3fff02a0-0x3fff046b]
[    0.000000] No NUMA configuration found
[    0.000000] Faking a node at [mem 0x0000000000000000-0x000000003ffeffff]
[    0.000000] NODE_DATA(0) allocated [mem 0x3ffc5000-0x3ffeffff]
[    0.000000] kvm-clock: cpu 0, msr 0:3ff44001, primary cpu clock
[    0.000000] kvm-clock: Using msrs 4b564d01 and 4b564d00
[    0.000000] kvm-clock: using sched offset of 5163401617 cycles
[    0.000000] clocksource: kvm-clock: mask: 0xffffffffffffffff max_cycles: 0x1cd42e4dffb, max_idle_ns: 881590591483 ns
[    0.000000] Zone ranges:
[    0.000000]   DMA      [mem 0x0000000000001000-0x0000000000ffffff]
[    0.000000]   DMA32    [mem 0x0000000001000000-0x000000003ffeffff]
[    0.000000]   Normal   empty
[    0.000000]   Device   empty
[    0.000000] Movable zone start for each node
[    0.000000] Early memory node ranges
[    0.000000]   node   0: [mem 0x0000000000001000-0x000000000009efff]
[    0.000000]   node   0: [mem 0x0000000000100000-0x000000003ffeffff]
[    0.000000] Reserved but unavailable: 104 pages
[    0.000000] Initmem setup node 0 [mem 0x0000000000001000-0x000000003ffeffff]
[    0.000000] ACPI: PM-Timer IO Port: 0x4008
[    0.000000] IOAPIC[0]: apic_id 2, version 32, address 0xfec00000, GSI 0-23
[    0.000000] ACPI: INT_SRC_OVR (bus 0 bus_irq 0 global_irq 2 dfl dfl)
[    0.000000] ACPI: INT_SRC_OVR (bus 0 bus_irq 9 global_irq 9 low level)
[    0.000000] Using ACPI (MADT) for SMP configuration information
[    0.000000] smpboot: Allowing 2 CPUs, 0 hotplug CPUs
[    0.000000] PM: Registered nosave memory: [mem 0x00000000-0x00000fff]
[    0.000000] PM: Registered nosave memory: [mem 0x0009f000-0x0009ffff]
[    0.000000] PM: Registered nosave memory: [mem 0x000a0000-0x000effff]
[    0.000000] PM: Registered nosave memory: [mem 0x000f0000-0x000fffff]
[    0.000000] e820: [mem 0x40000000-0xfebfffff] available for PCI devices
[    0.000000] Booting paravirtualized kernel on KVM
[    0.000000] clocksource: refined-jiffies: mask: 0xffffffff max_cycles: 0xffffffff, max_idle_ns: 7645519600211568 ns
[    0.000000] random: get_random_bytes called from start_kernel+0x99/0x500 with crng_init=0
[    0.000000] setup_percpu: NR_CPUS:8192 nr_cpumask_bits:2 nr_cpu_ids:2 nr_node_ids:1
[    0.000000] percpu: Embedded 50 pages/cpu s167936 r8192 d28672 u1048576
[    0.000000] PV qspinlock hash table entries: 256 (order: 0, 4096 bytes)
[    0.000000] Built 1 zonelists, mobility grouping on.  Total pages: 257913
[    0.000000] Policy zone: DMA32
[    0.000000] Kernel command line: BOOT_IMAGE=/boot/vmlinuz-4.15.0-171-generic root=LABEL=cloudimg-rootfs ro console=tty1 console=ttyS0
[    0.000000] Memory: 982632K/1048120K available (12300K kernel code, 2483K rwdata, 4324K rodata, 2476K init, 2724K bss, 65488K reserved, 0K cma-reserved)
[    0.000000] SLUB: HWalign=64, Order=0-3, MinObjects=0, CPUs=2, Nodes=1
[    0.000000] Kernel/User page tables isolation: enabled
[    0.000000] ftrace: allocating 39503 entries in 155 pages
[    0.004000] Hierarchical RCU implementation.
[    0.004000] 	RCU restricting CPUs from NR_CPUS=8192 to nr_cpu_ids=2.
[    0.004000] 	Tasks RCU enabled.
[    0.004000] RCU: Adjusting geometry for rcu_fanout_leaf=16, nr_cpu_ids=2
[    0.004000] NR_IRQS: 524544, nr_irqs: 440, preallocated irqs: 16
[    0.004000] Console: colour VGA+ 80x25
[    0.004000] console [tty1] enabled
[    0.004000] console [ttyS0] enabled
[    0.004000] ACPI: Core revision 20170831
[    0.004000] ACPI: 2 ACPI AML tables successfully acquired and loaded
[    0.004000] APIC: Switch to symmetric I/O mode setup
[    0.004000] ..TIMER: vector=0x30 apic1=0 pin1=2 apic2=-1 pin2=-1
[    0.004000] tsc: Detected 2711.998 MHz processor
[    0.004000] Calibrating delay loop (skipped) preset value.. 5423.99 BogoMIPS (lpj=10847992)
[    0.004000] pid_max: default: 32768 minimum: 301
[    0.004000] Security Framework initialized
[    0.004000] Yama: becoming mindful.
[    0.004000] AppArmor: AppArmor initialized
[    0.004000] Dentry cache hash table entries: 131072 (order: 8, 1048576 bytes)
[    0.004000] Inode-cache hash table entries: 65536 (order: 7, 524288 bytes)
[    0.004000] Mount-cache hash table entries: 2048 (order: 2, 16384 bytes)
[    0.004000] Mountpoint-cache hash table entries: 2048 (order: 2, 16384 bytes)
[    0.009000] Last level iTLB entries: 4KB 64, 2MB 8, 4MB 8
[    0.012000] Last level dTLB entries: 4KB 64, 2MB 0, 4MB 0, 1GB 4
[    0.012000] Spectre V1 : Mitigation: usercopy/swapgs barriers and __user pointer sanitization
[    0.012000] Spectre V2 : Mitigation: Retpolines
[    0.012000] Spectre V2 : Spectre v2 / SpectreRSB mitigation: Filling RSB on context switch
[    0.012000] Speculative Store Bypass: Vulnerable
[    0.012000] MDS: Mitigation: Clear CPU buffers
[    0.012000] Freeing SMP alternatives memory: 36K
[    0.121339] smpboot: CPU0: Intel(R) Core(TM) i5-7300U CPU @ 2.60GHz (family: 0x6, model: 0x8e, stepping: 0x9)
[    0.124000] Performance Events: unsupported p6 CPU model 142 no PMU driver, software events only.
[    0.124000] Hierarchical SRCU implementation.
[    0.124000] NMI watchdog: Perf event create on CPU 0 failed with -2
[    0.124000] NMI watchdog: Perf NMI watchdog permanently disabled
[    0.124000] smp: Bringing up secondary CPUs ...
[    0.124000] x86: Booting SMP configuration:
[    0.124000] .... node  #0, CPUs:      #1
[    0.004000] kvm-clock: cpu 1, msr 0:3ff44041, secondary cpu clock
[    0.128000] TSC synchronization [CPU#0 -> CPU#1]:
[    0.128000] Measured 250944 cycles TSC warp between CPUs, turning off TSC clock.
[    0.128000] tsc: Marking TSC unstable due to check_tsc_sync_source failed
[    0.132312] smp: Brought up 1 node, 2 CPUs
[    0.136000] smpboot: Max logical packages: 1
[    0.136000] smpboot: Total of 2 processors activated (10847.99 BogoMIPS)
[    0.136945] devtmpfs: initialized
[    0.140000] x86/mm: Memory block size: 128MB
[    0.140000] evm: security.selinux
[    0.140000] evm: security.SMACK64
[    0.140000] evm: security.SMACK64EXEC
[    0.140000] evm: security.SMACK64TRANSMUTE
[    0.140000] evm: security.SMACK64MMAP
[    0.140000] evm: security.apparmor
[    0.140000] evm: security.ima
[    0.140000] evm: security.capability
[    0.144786] clocksource: jiffies: mask: 0xffffffff max_cycles: 0xffffffff, max_idle_ns: 7645041785100000 ns
[    0.148000] futex hash table entries: 512 (order: 3, 32768 bytes)
[    0.148000] pinctrl core: initialized pinctrl subsystem
[    0.148000] RTC time: 20:20:39, date: 03/18/22
[    0.148000] NET: Registered protocol family 16
[    0.148000] audit: initializing netlink subsys (disabled)
[    0.148229] audit: type=2000 audit(1647634845.074:1): state=initialized audit_enabled=0 res=1
[    0.168055] cpuidle: using governor ladder
[    0.172000] cpuidle: using governor menu
[    0.172000] ACPI: bus type PCI registered
[    0.172000] acpiphp: ACPI Hot Plug PCI Controller Driver version: 0.5
[    0.172000] PCI: Using configuration type 1 for base access
[    0.184283] HugeTLB registered 2.00 MiB page size, pre-allocated 0 pages
[    0.188748] ACPI: Added _OSI(Module Device)
[    0.192000] ACPI: Added _OSI(Processor Device)
[    0.192000] ACPI: Added _OSI(3.0 _SCP Extensions)
[    0.192000] ACPI: Added _OSI(Processor Aggregator Device)
[    0.192000] ACPI: Added _OSI(Linux-Dell-Video)
[    0.192000] ACPI: Added _OSI(Linux-Lenovo-NV-HDMI-Audio)
[    0.192000] ACPI: Added _OSI(Linux-HPI-Hybrid-Graphics)
[    0.194348] ACPI: Executed 1 blocks of module-level executable AML code
[    0.200795] ACPI: Interpreter enabled
[    0.204000] ACPI: (supports S0 S5)
[    0.204000] ACPI: Using IOAPIC for interrupt routing
[    0.204917] PCI: Using host bridge windows from ACPI; if necessary, use "pci=nocrs" and report a bug
[    0.208000] ACPI: Enabled 2 GPEs in block 00 to 07
[    0.229305] ACPI: PCI Root Bridge [PCI0] (domain 0000 [bus 00-ff])
[    0.232000] acpi PNP0A03:00: _OSC: OS supports [ASPM ClockPM Segments MSI]
[    0.233109] acpi PNP0A03:00: _OSC: not requesting OS control; OS requires [ExtendedConfig ASPM ClockPM MSI]
[    0.236000] acpi PNP0A03:00: fail to add MMCONFIG information, can't access extended PCI configuration space under this bridge.
[    0.237261] PCI host bridge to bus 0000:00
[    0.240000] pci_bus 0000:00: root bus resource [io  0x0000-0x0cf7 window]
[    0.240000] pci_bus 0000:00: root bus resource [io  0x0d00-0xffff window]
[    0.240000] pci_bus 0000:00: root bus resource [mem 0x000a0000-0x000bffff window]
[    0.240000] pci_bus 0000:00: root bus resource [mem 0x40000000-0xfdffffff window]
[    0.240000] pci_bus 0000:00: root bus resource [bus 00-ff]
[    0.244000] pci 0000:00:01.1: legacy IDE quirk: reg 0x10: [io  0x01f0-0x01f7]
[    0.244000] pci 0000:00:01.1: legacy IDE quirk: reg 0x14: [io  0x03f6]
[    0.244000] pci 0000:00:01.1: legacy IDE quirk: reg 0x18: [io  0x0170-0x0177]
[    0.244000] pci 0000:00:01.1: legacy IDE quirk: reg 0x1c: [io  0x0376]
[    0.272000] pci 0000:00:07.0: quirk: [io  0x4000-0x403f] claimed by PIIX4 ACPI
[    0.272000] pci 0000:00:07.0: quirk: [io  0x4100-0x410f] claimed by PIIX4 SMB
[    0.293202] ACPI: PCI Interrupt Link [LNKA] (IRQs 5 9 10 *11)
[    0.296920] ACPI: PCI Interrupt Link [LNKB] (IRQs 5 9 *10 11)
[    0.300000] ACPI: PCI Interrupt Link [LNKC] (IRQs 5 *9 10 11)
[    0.300000] ACPI: PCI Interrupt Link [LNKD] (IRQs 5 9 10 *11)
[    0.300000] SCSI subsystem initialized
[    0.300871] pci 0000:00:02.0: vgaarb: setting as boot VGA device
[    0.304000] pci 0000:00:02.0: vgaarb: VGA device added: decodes=io+mem,owns=io+mem,locks=none
[    0.304000] pci 0000:00:02.0: vgaarb: bridge control possible
[    0.304000] vgaarb: loaded
[    0.304000] ACPI: bus type USB registered
[    0.304000] usbcore: registered new interface driver usbfs
[    0.304000] usbcore: registered new interface driver hub
[    0.304000] usbcore: registered new device driver usb
[    0.308994] EDAC MC: Ver: 3.0.0
[    0.316470] PCI: Using ACPI for IRQ routing
[    0.320000] NetLabel: Initializing
[    0.320000] NetLabel:  domain hash size = 128
[    0.320000] NetLabel:  protocols = UNLABELED CIPSOv4 CALIPSO
[    0.320000] NetLabel:  unlabeled traffic allowed by default
[    0.320640] clocksource: Switched to clocksource kvm-clock
[    0.324000] VFS: Disk quotas dquot_6.6.0
[    0.324000] VFS: Dquot-cache hash table entries: 512 (order 0, 4096 bytes)
[    0.324000] AppArmor: AppArmor Filesystem Enabled
[    0.324000] pnp: PnP ACPI init
[    0.468694] pnp: PnP ACPI: found 3 devices
[    0.566929] clocksource: acpi_pm: mask: 0xffffff max_cycles: 0xffffff, max_idle_ns: 2085701024 ns
[    0.568966] NET: Registered protocol family 2
[    0.568966] IP idents hash table entries: 16384 (order: 5, 131072 bytes)
[    0.607026] TCP established hash table entries: 8192 (order: 4, 65536 bytes)
[    0.607026] TCP bind hash table entries: 8192 (order: 5, 131072 bytes)
[    0.607026] TCP: Hash tables configured (established 8192 bind 8192)
[    0.607026] UDP hash table entries: 512 (order: 2, 16384 bytes)
[    0.607026] UDP-Lite hash table entries: 512 (order: 2, 16384 bytes)
[    0.607026] NET: Registered protocol family 1
[    0.607026] pci 0000:00:00.0: Limiting direct PCI/PCI transfers
[    0.607026] pci 0000:00:01.0: Activating ISA DMA hang workarounds
[    0.607026] pci 0000:00:02.0: Video device with shadowed ROM at [mem 0x000c0000-0x000dffff]
[    0.607026] Unpacking initramfs...
[    0.607026] Freeing initrd memory: 19536K
[    1.812511] clocksource: tsc: mask: 0xffffffffffffffff max_cycles: 0x27178451938, max_idle_ns: 440795251172 ns
[    1.815369] platform rtc_cmos: registered platform RTC device (no PNP device found)
[    1.815369] Scanning for low memory corruption every 60 seconds
[    1.874802] Initialise system trusted keyrings
[    1.876853] Key type blacklist registered
[    1.894665] workingset: timestamp_bits=36 max_order=18 bucket_order=0
[    1.898256] zbud: loaded
[    1.914722] squashfs: version 4.0 (2009/01/31) Phillip Lougher
[    1.931642] fuse init (API version 7.26)
[    1.958763] Key type asymmetric registered
[    1.962744] Asymmetric key parser 'x509' registered
[    1.962744] Block layer SCSI generic (bsg) driver version 0.4 loaded (major 246)
[    1.988742] io scheduler noop registered
[    1.992394] io scheduler deadline registered
[    1.992394] io scheduler cfq registered (default)
[    2.023107] ACPI: AC Adapter [AC] (on-line)
[    2.026889] input: Power Button as /devices/LNXSYSTM:00/LNXPWRBN:00/input/input0
[    2.049405] ACPI: Power Button [PWRF]
[    2.057485] input: Sleep Button as /devices/LNXSYSTM:00/LNXSLPBN:00/input/input1
[    2.061186] ACPI: Sleep Button [SLPF]
[    2.076471] Serial: 8250/16550 driver, 32 ports, IRQ sharing enabled
[    2.078546] ACPI: Battery Slot [BAT0] (battery present)
[    2.141496] 00:02: ttyS0 at I/O 0x3f8 (irq = 4, base_baud = 115200) is a 16550A
[    2.144716] Linux agpgart interface v0.103
[    2.195610] loop: module loaded
[    2.208235] scsi host0: ata_piix
[    2.216909] scsi host1: ata_piix
[    2.220836] ata1: PATA max UDMA/33 cmd 0x1f0 ctl 0x3f6 bmdma 0xd000 irq 14
[    2.220836] ata2: PATA max UDMA/33 cmd 0x170 ctl 0x376 bmdma 0xd008 irq 15
[    2.220836] libphy: Fixed MDIO Bus: probed
[    2.257835] tun: Universal TUN/TAP device driver, 1.6
[    2.273474] PPP generic driver version 2.4.2
[    2.283785] ehci_hcd: USB 2.0 'Enhanced' Host Controller (EHCI) Driver
[    2.287623] ehci-pci: EHCI PCI platform driver
[    2.287623] ehci-platform: EHCI generic platform driver
[    2.287623] ohci_hcd: USB 1.1 'Open' Host Controller (OHCI) Driver
[    2.287623] ohci-pci: OHCI PCI platform driver
[    2.287623] ohci-platform: OHCI generic platform driver
[    2.287623] uhci_hcd: USB Universal Host Controller Interface driver
[    2.287623] i8042: PNP: PS/2 Controller [PNP0303:PS2K,PNP0f03:PS2M] at 0x60,0x64 irq 1,12
[    2.491406] serio: i8042 KBD port at 0x60,0x64 irq 1
[    2.491952] serio: i8042 AUX port at 0x60,0x64 irq 12
[    2.571952] mousedev: PS/2 mouse device common for all mice
[    2.591736] rtc_cmos rtc_cmos: rtc core: registered rtc_cmos as rtc0
[    2.595476] rtc_cmos rtc_cmos: alarms up to one day, 114 bytes nvram
[    2.595476] i2c /dev entries driver
[    2.595476] device-mapper: uevent: version 1.0.3
[    2.639186] device-mapper: ioctl: 4.37.0-ioctl (2017-09-20) initialised: dm-devel@redhat.com
[    2.669292] ledtrig-cpu: registered to indicate activity on CPUs
[    2.687987] NET: Registered protocol family 10
[    2.722202] input: AT Translated Set 2 keyboard as /devices/platform/i8042/serio0/input/input2
[    2.766504] Segment Routing with IPv6
[    2.770485] NET: Registered protocol family 17
[    2.788011] Key type dns_resolver registered
[    2.796875] mce: Using 0 MCE banks
[    2.800755] RAS: Correctable Errors collector initialized.
[    2.800755] sched_clock: Marking stable (2796755803, 0)->(4767997977, -1971242174)
[    2.835467] registered taskstats version 1
[    2.842409] Loading compiled-in X.509 certificates
[    2.861840] Loaded X.509 cert 'Build time autogenerated kernel key: af32452646252a8bcb28446c2c4754d4174d97ad'
[    2.878889] Loaded X.509 cert 'Canonical Ltd. Live Patch Signing: 14df34d1a87cf37625abec039ef2bf521249b969'
[    2.894960] Loaded X.509 cert 'Canonical Ltd. Kernel Module Signing: 88f752e560a1e0737e31163a466ad7b70a850c19'
[    2.910651] blacklist: Loading compiled-in revocation X.509 certificates
[    2.922386] Loaded X.509 cert 'Canonical Ltd. Secure Boot Signing: 61482aa2830d0ab2ad5af10b7250da9033ddcef0'
[    2.936527] zswap: loaded using pool lzo/zbud
[    2.964238] Key type big_key registered
[    2.974038] Key type trusted registered
[    2.988440] Key type encrypted registered
[    2.994701] AppArmor: AppArmor sha1 policy hashing enabled
[    3.002759] ima: No TPM chip found, activating TPM-bypass! (rc=-19)
[    3.014371] ima: Allocated hash algorithm: sha1
[    3.023287] evm: HMAC attrs: 0x1
[    3.029565]   Magic number: 14:726:346
[    3.035610] tty tty63: hash matches
[    3.056501] rtc_cmos rtc_cmos: setting system clock to 2022-03-18 20:20:43 UTC (1647634843)
[    3.075426] BIOS EDD facility v0.16 2004-Jun-25, 0 devices found
[    3.084780] EDD information not available.
[    3.104797] Freeing unused kernel image memory: 2476K
[    3.134628] Write protecting the kernel read-only data: 20480k
[    3.146530] Freeing unused kernel image memory: 2008K
[    3.155458] Freeing unused kernel image memory: 1820K
[    3.180548] x86/mm: Checked W+X mappings: passed, no W+X pages found.
[    3.191586] x86/mm: Checking user space page tables
[    3.214708] x86/mm: Checked W+X mappings: passed, no W+X pages found.
Loading, please wait...
starting version 237
[    3.604571] e1000: Intel(R) PRO/1000 Network Driver - version 7.3.21-k8-NAPI
[    3.620357] e1000: Copyright (c) 1999-2006 Intel Corporation.
[    3.675375] Fusion MPT base driver 3.04.20
[    3.683093] Copyright (c) 1999-2008 LSI Corporation
[    3.715952] Fusion MPT SPI Host driver 3.04.20
[    4.508831] input: ImExPS/2 Generic Explorer Mouse as /devices/platform/i8042/serio1/input/input4
[    4.559200] e1000 0000:00:03.0 eth0: (PCI:33MHz:32-bit) 02:4d:90:b0:a6:cd
[    4.571528] e1000 0000:00:03.0 eth0: Intel(R) PRO/1000 Network Connection
[    4.585512] mptbase: ioc0: Initiating bringup
[    4.595076] e1000 0000:00:03.0 enp0s3: renamed from eth0
[    4.769333] ioc0: LSI53C1030 A0: Capabilities={Initiator}
[    5.179802] scsi host2: ioc0: LSI53C1030 A0, FwRev=00000000h, Ports=1, MaxQ=256, IRQ=20
[    5.404779] scsi 2:0:0:0: Direct-Access     VBOX     HARDDISK         1.0  PQ: 0 ANSI: 5
[    5.440497] scsi target2:0:0: Beginning Domain Validation
[    5.469646] scsi target2:0:0: Domain Validation skipping write tests
[    5.478956] scsi target2:0:0: Ending Domain Validation
[    5.485701] scsi target2:0:0: asynchronous
[    5.493649] scsi 2:0:1:0: Direct-Access     VBOX     HARDDISK         1.0  PQ: 0 ANSI: 5
[    5.533109] scsi target2:0:1: Beginning Domain Validation
[    5.550063] scsi target2:0:1: Domain Validation skipping write tests
[    5.558006] scsi target2:0:1: Ending Domain Validation
[    5.565727] random: fast init done
[    5.565865] scsi target2:0:1: asynchronous
[    5.599881] random: systemd-udevd: uninitialized urandom read (16 bytes read)
[    5.610276] random: systemd-udevd: uninitialized urandom read (16 bytes read)
[    5.618844] random: systemd-udevd: uninitialized urandom read (16 bytes read)
[    5.627773] sd 2:0:0:0: Attached scsi generic sg0 type 0
[    5.634124] sd 2:0:1:0: Attached scsi generic sg1 type 0
[    5.637681] sd 2:0:1:0: [sdb] 20480 512-byte logical blocks: (10.5 MB/10.0 MiB)
[    5.654842] sd 2:0:1:0: [sdb] Write Protect is off
[    5.664261] sd 2:0:0:0: [sda] 83886080 512-byte logical blocks: (42.9 GB/40.0 GiB)
[    5.664174] sd 2:0:1:0: [sdb] Incomplete mode parameter data
[    5.683013] sd 2:0:1:0: [sdb] Assuming drive cache: write through
[    5.692457] sd 2:0:0:0: [sda] Write Protect is off
[    5.701429] sd 2:0:0:0: [sda] Incomplete mode parameter data
[    5.710845] sd 2:0:0:0: [sda] Assuming drive cache: write through
[    5.713957] sd 2:0:1:0: [sdb] Attached SCSI disk
[    5.735665]  sda: sda1
[    5.745002] sd 2:0:0:0: [sda] Attached SCSI disk
Begin: Loading essential drivers ... [    8.508161] raid6: sse2x1   gen()  8984 MB/s
[  496.421126] INFO: rcu_sched self-detected stall on CPU
[  496.424235] INFO: rcu_sched detected stalls on CPUs/tasks:
[  496.444941] 	0-...!: (1 GPs behind) idle=d86/140000000000001/0 softirq=766/767 fqs=1 
[  496.491125] 	 (t=121980 jiffies g=-132 c=-133 q=124)
[  496.491378] 	0-...!: (1 GPs behind) idle=d86/140000000000001/0 softirq=766/767 fqs=1 
[  496.499237] rcu_sched kthread starved for 121978 jiffies! g18446744073709551484 c18446744073709551483 f0x0 RCU_GP_WAIT_FQS(3) ->state=0x402 ->cpu=1
[  496.513856] 	(detected by 1, t=121980 jiffies, g=-132, c=-133, q=124)
[  496.513863] Sending NMI from CPU 1 to CPUs 0:
[  496.535012] NMI backtrace for cpu 0
[  496.535013] CPU: 0 PID: 251 Comm: modprobe Not tainted 4.15.0-171-generic #180-Ubuntu
[  496.535014] Hardware name: innotek GmbH VirtualBox/VirtualBox, BIOS VirtualBox 12/01/2006
[  496.535014] RIP: 0010:vprintk_emit+0x242/0x2c0
[  496.535015] RSP: 0018:ffff99c73fc03d40 EFLAGS: 00010002
[  496.535016] RAX: 0000000000000001 RBX: 0000000000000087 RCX: ffffffff85f6b4a0
[  496.535016] RDX: 0000000000000001 RSI: 0000000000000002 RDI: ffffffff85f6b4b0
[  496.535017] RBP: ffff99c73fc03d80 R08: 0000009d605767a4 R09: 0000000000000087
[  496.535017] R10: 0000000000000000 R11: 000000000000019f R12: 0000000000000002
[  496.535018] R13: 0000000000000001 R14: 00000000000001a0 R15: ffff99c73fc03dc0
[  496.535018] FS:  00007f36ae32f540(0000) GS:ffff99c73fc00000(0000) knlGS:0000000000000000
[  496.535019] CS:  0010 DS: 0000 ES: 0000 CR0: 0000000080050033
[  496.535019] CR2: 00007f0b8ba0e5a0 CR3: 0000000036410004 CR4: 00000000000206f0
[  496.535019] Call Trace:
[  496.535020]  <IRQ>
[  496.535020]  vprintk_default+0x29/0x50
[  496.535020]  vprintk_func+0x47/0xc0
[  496.535021]  printk+0x52/0x6e
[  496.535021]  rcu_check_gp_kthread_starvation+0x98/0xc0
[  496.535022]  rcu_check_callbacks+0x6c5/0x8e0
[  496.535022]  ? tick_sched_do_timer+0x50/0x50
[  496.535022]  update_process_times+0x2f/0x60
[  496.535023]  tick_sched_handle+0x26/0x70
[  496.535023]  ? tick_sched_do_timer+0x42/0x50
[  496.535023]  tick_sched_timer+0x39/0x80
[  496.535024]  __hrtimer_run_queues+0xdf/0x230
[  496.535024]  hrtimer_interrupt+0xa0/0x1d0
[  496.535024]  smp_apic_timer_interrupt+0x6f/0x140
[  496.535025]  apic_timer_interrupt+0x90/0xa0
[  496.535025]  </IRQ>
[  496.535025] RIP: 0010:init_module+0x182/0x1000 [raid6_pq]
[  496.535026] RSP: 0018:ffffaea4c0337ba0 EFLAGS: 00010246 ORIG_RAX: ffffffffffffff11
[  496.535026] RAX: 00000000fffee358 RBX: 0000000000000000 RCX: ffffffff85a63b28
[  496.535027] RDX: 0000000000000000 RSI: 0000000000000096 RDI: 0000000000000246
[  496.535027] RBP: ffffaea4c0337c70 R08: 000000000000019a R09: 0000000000000000
[  496.535028] R10: 00000000fffee358 R11: ffffffff84b36790 R12: 000000000000196b
[  496.535028] R13: ffffffffc0481820 R14: ffff99c736b84000 R15: ffffffffc046f140
[  496.535028]  ? vga_set_palette+0x180/0x180
[  496.535029]  ? 0xffffffffc0487000
[  496.535029]  do_one_initcall+0x52/0x1a0
[  496.535029]  ? _cond_resched+0x19/0x40
[  496.535030]  ? kmem_cache_alloc_trace+0x167/0x1d0
[  496.535030]  ? do_init_module+0x27/0x211
[  496.535030]  do_init_module+0x5f/0x211
[  496.535031]  load_module+0x1772/0x2000
[  496.535031]  ? ima_post_read_file+0x96/0xa0
[  496.535031]  SYSC_finit_module+0xfc/0x120
[  496.535031]  ? SYSC_finit_module+0xfc/0x120
[  496.535032]  SyS_finit_module+0xe/0x10
[  496.535032]  do_syscall_64+0x73/0x130
[  496.535032]  entry_SYSCALL_64_after_hwframe+0x41/0xa6
[  496.535033] RIP: 0033:0x7f36ade32539
[  496.535033] RSP: 002b:00007fff45eeefa8 EFLAGS: 00000246 ORIG_RAX: 0000000000000139
[  496.535034] RAX: ffffffffffffffda RBX: 0000563688854880 RCX: 00007f36ade32539
[  496.535034] RDX: 0000000000000000 RSI: 0000563687e55cee RDI: 0000000000000004
[  496.535070] RBP: 0000563687e55cee R08: 0000000000000000 R09: 0000563688853e00
[  496.535070] R10: 0000000000000004 R11: 0000000000000246 R12: 0000000000000000
[  496.535071] R13: 0000563688854830 R14: 0000000000060000 R15: 0000563688853e00
[  496.535071] Code: ba 01 00 00 00 48 c7 c7 b0 b4 f6 85 e8 6c 02 ff ff 66 90 84 d2 74 7a 0f b6 05 bb 89 87 01 48 c7 c1 a0 b4 f6 85 84 c0 74 09 f3 90 <0f> b6 11 84 d2 75 f7 e8 52 0d 00 00 4c 89 e7 57 9d 0f 1f 44 00 
[  496.535085] rcu_sched kthread starved for 121978 jiffies! g18446744073709551484 c18446744073709551483 f0x0 RCU_GP_WAIT_FQS(3) ->state=0x402 ->cpu=1
[  496.568774] rcu_sched       I    0     8      2 0x80000000
[  496.602571] rcu_sched       I    0     8      2 0x80000000
[  496.620688] Call Trace:
[  496.620750]  __schedule+0x24e/0x890
[  496.620753]  schedule+0x2c/0x80
[  496.620755]  schedule_timeout+0x15d/0x370
[  496.620762]  ? __next_timer_interrupt+0xe0/0xe0
[  496.620769]  rcu_gp_kthread+0x53a/0x980
[  496.620775]  kthread+0x121/0x140
[  496.620777]  ? rcu_note_context_switch+0x150/0x150
[  496.620778]  ? kthread_create_worker_on_cpu+0x70/0x70
[  496.620781]  ret_from_fork+0x35/0x40
[  496.621225] NMI backtrace for cpu 0
[  496.621229] CPU: 0 PID: 251 Comm: modprobe Not tainted 4.15.0-171-generic #180-Ubuntu
[  496.621230] Hardware name: innotek GmbH VirtualBox/VirtualBox, BIOS VirtualBox 12/01/2006
[  496.621231] Call Trace:
[  496.621234]  <IRQ>
[  496.621325]  dump_stack+0x6d/0x8b
[  496.621329]  nmi_cpu_backtrace+0x94/0xa0
[  496.621333]  ? lapic_can_unplug_cpu+0xb0/0xb0
[  496.621335]  nmi_trigger_cpumask_backtrace+0xe7/0x130
[  496.621337]  arch_trigger_cpumask_backtrace+0x19/0x20
[  496.621339]  rcu_dump_cpu_stacks+0xa3/0xd5
[  496.621341]  rcu_check_callbacks+0x6cd/0x8e0
[  496.621344]  ? tick_sched_do_timer+0x50/0x50
[  496.621346]  update_process_times+0x2f/0x60
[  496.621348]  tick_sched_handle+0x26/0x70
[  496.621349]  ? tick_sched_do_timer+0x42/0x50
[  496.621351]  tick_sched_timer+0x39/0x80
[  496.621353]  __hrtimer_run_queues+0xdf/0x230
[  496.621355]  hrtimer_interrupt+0xa0/0x1d0
[  496.621360]  smp_apic_timer_interrupt+0x6f/0x140
[  496.621362]  apic_timer_interrupt+0x90/0xa0
[  496.621363]  </IRQ>
[  496.621371] RIP: 0010:init_module+0x182/0x1000 [raid6_pq]
[  496.621372] RSP: 0018:ffffaea4c0337ba0 EFLAGS: 00010246 ORIG_RAX: ffffffffffffff11
[  496.621373] RAX: 00000000fffee358 RBX: 0000000000000000 RCX: ffffffff85a63b28
[  496.621374] RDX: 0000000000000000 RSI: 0000000000000096 RDI: 0000000000000246
[  496.621375] RBP: ffffaea4c0337c70 R08: 000000000000019a R09: 0000000000000000
[  496.621375] R10: 00000000fffee358 R11: ffffffff84b36790 R12: 000000000000196b
[  496.621376] R13: ffffffffc0481820 R14: ffff99c736b84000 R15: ffffffffc046f140
[  496.621379]  ? vga_set_palette+0x180/0x180
[  496.621382]  ? 0xffffffffc0487000
[  496.621385]  do_one_initcall+0x52/0x1a0
[  496.621387]  ? _cond_resched+0x19/0x40
[  496.621390]  ? kmem_cache_alloc_trace+0x167/0x1d0
[  496.621392]  ? do_init_module+0x27/0x211
[  496.621394]  do_init_module+0x5f/0x211
[  496.621396]  load_module+0x1772/0x2000
[  496.621398]  ? ima_post_read_file+0x96/0xa0
[  496.621400]  SYSC_finit_module+0xfc/0x120
[  496.621402]  ? SYSC_finit_module+0xfc/0x120
[  496.621404]  SyS_finit_module+0xe/0x10
[  496.621405]  do_syscall_64+0x73/0x130
[  496.621407]  entry_SYSCALL_64_after_hwframe+0x41/0xa6
[  496.621408] RIP: 0033:0x7f36ade32539
[  496.621409] RSP: 002b:00007fff45eeefa8 EFLAGS: 00000246 ORIG_RAX: 0000000000000139
[  496.621410] RAX: ffffffffffffffda RBX: 0000563688854880 RCX: 00007f36ade32539
[  496.621410] RDX: 0000000000000000 RSI: 0000563687e55cee RDI: 0000000000000004
[  496.621411] RBP: 0000563687e55cee R08: 0000000000000000 R09: 0000563688853e00
[  496.621412] R10: 0000000000000004 R11: 0000000000000246 R12: 0000000000000000
[  496.621412] R13: 0000563688854830 R14: 0000000000060000 R15: 0000563688853e00
[  497.814751] raid6: sse2x1   xor() 72565 MB/s
[  497.817532] Call Trace:
[  498.198950]  __schedule+0x24e/0x890
[  498.205180]  schedule+0x2c/0x80
[  498.213119]  schedule_timeout+0x15d/0x370
[  498.219874]  ? __next_timer_interrupt+0xe0/0xe0
[  498.227119]  rcu_gp_kthread+0x53a/0x980
[  498.234879]  kthread+0x121/0x140
[  498.245653]  ? rcu_note_context_switch+0x150/0x150
[  498.268517]  ? kthread_create_worker_on_cpu+0x70/0x70
[  498.282512]  ret_from_fork+0x35/0x40
[  499.473777] raid6: sse2x2   gen() 164019 MB/s
[  500.516719] raid6: sse2x2   xor()  6507 MB/s
[  502.465853] raid6: sse2x4   gen() 249061 MB/s
[  503.512686] raid6: sse2x4   xor()  4121 MB/s
[  503.519176] raid6: using algorithm sse2x4 gen() 249061 MB/s
[  503.526497] raid6: .... xor() 4121 MB/s, rmw enabled
[  503.533323] raid6: using ssse3x2 recovery algorithm
[  503.545295] xor: measuring software checksum speed
[  508.509266]    prefetch64-sse: -1483017.-296 MB/sec
[  508.615955]    generic_sse: 19152.000 MB/sec
[  508.625060] xor: using function: generic_sse (19152.000 MB/sec)
[  508.641649] async_tx: api initialized (async)
done.
Begin: Running /scripts/init-premount ... done.
Begin: Mounting root file system ... Begin: Running /scripts/local-top ... done.
Begin: Running /scripts/local-premount ... [  508.792270] Btrfs loaded, crc32c=crc32c-intel
Scanning for Btrfs filesystems
done.
Warning: fsck not present, so skipping root file system
[  508.893403] EXT4-fs (sda1): INFO: recovery required on readonly filesystem
[  508.905205] EXT4-fs (sda1): write access will be enabled during recovery
[  509.275020] EXT4-fs (sda1): recovery complete
[  509.283461] EXT4-fs (sda1): mounted filesystem with ordered data mode. Opts: (null)
done.
Begin: Running /scripts/local-bottom ... done.
Begin: Running /scripts/init-bottom ... done.
[  509.722112] ip_tables: (C) 2000-2006 Netfilter Core Team
[  509.750824] systemd[1]: systemd 237 running in system mode. (+PAM +AUDIT +SELINUX +IMA +APPARMOR +SMACK +SYSVINIT +UTMP +LIBCRYPTSETUP +GCRYPT +GNUTLS +ACL +XZ +LZ4 +SECCOMP +BLKID +ELFUTILS +KMOD -IDN2 +IDN -PCRE2 default-hierarchy=hybrid)
[  509.784908] systemd[1]: Detected virtualization oracle.
[  509.801656] systemd[1]: Detected architecture x86-64.

Welcome to [1mUbuntu 18.04.6 LTS[0m!

[  509.870633] systemd[1]: Set hostname to <ubuntu-bionic>.
[  510.815465] systemd[1]: Reached target User and Group Name Lookups.
[[0;32m  OK  [0m] Reached target User and Group Name Lookups.
[  510.867628] systemd[1]: Created slice User and Session Slice.
[[0;32m  OK  [0m] Created slice User and Session Slice.
[  510.880602] systemd[1]: Set up automount Arbitrary Executable File Formats File System Automount Point.
[[0;32m  OK  [0m] Set up automount Arbitrary Executabâ€¦rmats File System Automount Point.
[  510.898559] systemd[1]: Reached target Swap.
[[0;32m  OK  [0m] Reached target Swap.
[  510.908260] systemd[1]: Created slice System Slice.
[[0;32m  OK  [0m] Created slice System Slice.
[  510.917598] systemd[1]: Listening on udev Kernel Socket.
[[0;32m  OK  [0m] Listening on udev Kernel Socket.
[[0;32m  OK  [0m] Listening on Network Service Netlink Socket.
[[0;32m  OK  [0m] Listening on Journal Socket.
         Mounting Kernel Debug File System...
         Mounting Huge Pages File System...
[[0;32m  OK  [0m] Listening on /dev/initctl Compatibility Named Pipe.
[[0;32m  OK  [0m] Listening on Journal Socket (/dev/log).
         Starting Uncomplicated firewall...
[[0;32m  OK  [0m] Listening on fsck to fsckd communication Socket.
         Starting Create list of required stâ€¦ce nodes for the current kernel...
         Starting Load Kernel Modules...
[[0;32m  OK  [0m] Listening on Syslog Socket.
[[0;32m  OK  [0m] Listening on LVM2 poll daemon socket.
[[0;32m  OK  [0m] Listening on LVM2 metadata daemon socket.
[[0;32m  OK  [0m] Started Forward Password Requests to Wall Directory Watch.
         Starting File System Check on Root Device...
         Mounting POSIX Message Queue File System...
[[0;32m  OK  [0m] Created slice system-serial\x2dgetty.slice.
[[0;32m  OK  [0m] Reached target Slices.
[  511.068773] Loading iSCSI transport class v2.0-870.
[[0;32m  OK  [0m] Listening on udev Control Socket.
         Starting udev Coldplug all Devices...
[[0;32m  OK  [0m] Listening on Device-mapper event daemon FIFOs.
         Starting Monitoring of LVM2 mirrorsâ€¦ng dmeventd or progress polling...
[[0;32m  OK  [0m] Reached target System Time Synchronized.
[[0;32m  OK  [0m] Listening on Journal Audit Socket.
         Starting Journal Service...
         Starting Set the console keyboard layout...
[[0;32m  OK  [0m] Mounted Kernel Debug File System.
[[0;32m  OK  [0m] Mounted Huge Pages File System.
[[0;32m  OK  [0m] Started Uncomplicated firewall.
[[0;32m  OK  [0m] Started Create list of required staâ€¦vice nodes for the current kernel.
[[0;32m  OK  [0m] Mounted POSIX Message Queue File System.
[[0;32m  OK  [0m] Started LVM2 metadata daemon.
[[0;32m  OK  [0m] Started File System Check Daemon to report status.
         Starting Create Static Device Nodes in /dev...
[[0;32m  OK  [0m] Started udev Coldplug all Devices.
[  511.352733] random: crng init done
[  511.357982] random: 7 urandom warning(s) missed due to ratelimiting
[[0;32m  OK  [0m] Started Journal Service.
[[0;32m  OK  [0m] Started Create Static Device Nodes in /dev.
[[0;32m  OK  [0m] Started File System Check on Root Device.
         Starting Remount Root and Kernel File Systems...
[  511.495941] iscsi: registered transport (tcp)
[  511.568570] EXT4-fs (sda1): re-mounted. Opts: (null)
[[0;32m  OK  [0m] Started Remount Root and Kernel File Systems.
         Starting Flush Journal to Persistent Storage...
         Starting Load/Save Random Seed...
         Starting udev Kernel Device Manager...
[[0;32m  OK  [0m] Started Monitoring of LVM2 mirrors,â€¦sing dmeventd or progress polling.
[[0;32m  OK  [0m] Started Load/Save Random Seed.
[  511.828896] systemd-journald[389]: Received request to flush runtime journal from PID 1
[[0;32m  OK  [0m] Started udev Kernel Device Manager.
[  513.099119] systemd-journald[389]: File /var/log/journal/0a493d19d7824f2eb769aaad5039188c/system.journal corrupted or uncleanly shut down, renaming and replacing.
[  513.136622] iscsi: registered transport (iser)
[[0;32m  OK  [0m] Started Load Kernel Modules.
         Mounting FUSE Control File System...
         Starting Apply Kernel Variables...
         Mounting Kernel Configuration File System...
[[0;32m  OK  [0m] Mounted FUSE Control File System.
[[0;32m  OK  [0m] Mounted Kernel Configuration File System.
[[0;32m  OK  [0m] Started Apply Kernel Variables.
[[0;32m  OK  [0m] Started Flush Journal to Persistent Storage.
[[0;32m  OK  [0m] Found device /dev/ttyS0.
[[0;32m  OK  [0m] Listening on Load/Save RF Kill Switch Status /dev/rfkill Watch.
[[0;32m  OK  [0m] Started Set the console keyboard layout.
[[0;32m  OK  [0m] Reached target Local File Systems (Pre).
[[0;32m  OK  [0m] Reached target Local File Systems.
         Starting AppArmor initialization...
         Starting Create Volatile Files and Directories...
         Starting Tell Plymouth To Write Out Runtime Data...
         Starting Set console font and keymap...
         Starting ebtables ruleset management...
[[0;32m  OK  [0m] Started Dispatch Password Requests to Console Directory Watch.
[[0;32m  OK  [0m] Reached target Local Encrypted Volumes.
[[0;32m  OK  [0m] Started Tell Plymouth To Write Out Runtime Data.
[[0;32m  OK  [0m] Started Create Volatile Files and Directories.
         Starting Update UTMP about System Boot/Shutdown...
[[0;32m  OK  [0m] Started Set console font and keymap.
[[0;32m  OK  [0m] Started Update UTMP about System Boot/Shutdown.
[[0;32m  OK  [0m] Started ebtables ruleset management.
[[0;32m  OK  [0m] Started AppArmor initialization.
         Starting Initial cloud-init job (pre-networking)...
         Starting Load AppArmor profiles managed internally by snapd...
[[0;32m  OK  [0m] Started Load AppArmor profiles managed internally by snapd.
[  519.609731] cloud-init[593]: Cloud-init v. 21.4-0ubuntu1~18.04.1 running 'init-local' at Fri, 18 Mar 2022 20:29:19 +0000. Up 519.06 seconds.
[[0;32m  OK  [0m] Started Initial cloud-init job (pre-networking).
[[0;32m  OK  [0m] Reached target Network (Pre).
         Starting Network Service...
[[0;32m  OK  [0m] Started Network Service.
         Starting Wait for Network to be Configured...
         Starting Network Name Resolution...
[[0;32m  OK  [0m] Started Network Name Resolution.
[[0;32m  OK  [0m] Reached target Host and Network Name Lookups.
[[0;32m  OK  [0m] Reached target Network.
[[0;32m  OK  [0m] Started Wait for Network to be Configured.
         Starting Initial cloud-init job (metadata service crawler)...
[  522.527556] cloud-init[741]: Cloud-init v. 21.4-0ubuntu1~18.04.1 running 'init' at Fri, 18 Mar 2022 20:29:22 +0000. Up 522.31 seconds.
[  522.538235] cloud-init[741]: ci-info: ++++++++++++++++++++++++++++++++++++++Net device info++++++++++++++++++++++++++++++++++++++
[  522.547918] cloud-init[741]: ci-info: +--------+------+----------------------------+---------------+--------+-------------------+
[  522.555309] cloud-init[741]: ci-info: | Device |  Up  |          Address           |      Mask     | Scope  |     Hw-Address    |
[  522.567523] cloud-init[741]: ci-info: +--------+------+----------------------------+---------------+--------+-------------------+
[  522.589862] cloud-init[741]: ci-info: | enp0s3 | True |         10.0.2.15          | 255.255.255.0 | global | 02:4d:90:b0:a6:cd |
[  522.601362] cloud-init[741]: ci-info: | enp0s3 | True | fe80::4d:90ff:feb0:a6cd/64 |       .       |  link  | 02:4d:90:b0:a6:cd |
[  522.609149] cloud-init[741]: ci-info: |   lo   | True |         127.0.0.1          |   255.0.0.0   |  host  |         .         |
[  522.615173] cloud-init[741]: ci-info: |   lo   | True |          ::1/128           |       .       |  host  |         .         |
[  522.621835] cloud-init[741]: ci-info: +--------+------+----------------------------+---------------+--------+-------------------+
[  522.627524] cloud-init[741]: ci-info: ++++++++++++++++++++++++++++Route IPv4 info+++++++++++++++++++++++++++++
[  522.635379] cloud-init[741]: ci-info: +-------+-------------+----------+-----------------+-----------+-------+
[  522.640334] cloud-init[741]: ci-info: | Route | Destination | Gateway  |     Genmask     | Interface | Flags |
[  522.658010] cloud-init[741]: ci-info: +-------+-------------+----------+-----------------+-----------+-------+
[  522.661558] cloud-init[741]: ci-info: |   0   |   0.0.0.0   | 10.0.2.2 |     0.0.0.0     |   enp0s3  |   UG  |
[  522.670238] cloud-init[741]: ci-info: |   1   |   10.0.2.0  | 0.0.0.0  |  255.255.255.0  |   enp0s3  |   U   |
[  522.684722] cloud-init[741]: ci-info: |   2   |   10.0.2.2  | 0.0.0.0  | 255.255.255.255 |   enp0s3  |   UH  |
[  522.688864] cloud-init[741]: ci-info: +-------+-------------+----------+-----------------+-----------+-------+
[  522.705566] cloud-init[741]: ci-info: +++++++++++++++++++Route IPv6 info+++++++++++++++++++
[  522.709650] cloud-init[741]: ci-info: +-------+-------------+---------+-----------+-------+
[  522.717062] cloud-init[741]: ci-info: | Route | Destination | Gateway | Interface | Flags |
[  522.721993] cloud-init[741]: ci-info: +-------+-------------+---------+-----------+-------+
[  522.727142] cloud-init[741]: ci-info: |   1   |  fe80::/64  |    ::   |   enp0s3  |   U   |
[  522.736034] cloud-init[741]: ci-info: |   3   |    local    |    ::   |   enp0s3  |   U   |
[  522.742710] cloud-init[741]: ci-info: |   4   |   ff00::/8  |    ::   |   enp0s3  |   U   |
[  522.746894] cloud-init[741]: ci-info: +-------+-------------+---------+-----------+-------+
[[0;32m  OK  [0m] Started Initial cloud-init job (metadata service crawler).
[[0;32m  OK  [0m] Reached target System Initialization.
[[0;32m  OK  [0m] Listening on D-Bus System Message Bus Socket.
[[0;32m  OK  [0m] Started Ubuntu Advantage Timer for running repeated jobs.
         Starting LXD - unix socket.
[[0;32m  OK  [0m] Started Discard unused blocks once a week.
[[0;32m  OK  [0m] Started Trigger to poll for Ubuntu â€¦(Only enabled on GCP LTS non-pro).
[[0;32m  OK  [0m] Listening on cloud-init hotplug hook socket.
         Starting Socket activation for snappy daemon.
[[0;32m  OK  [0m] Listening on Open-iSCSI iscsid Socket.
[[0;32m  OK  [0m] Listening on ACPID Listen Socket.
[[0;32m  OK  [0m] Started ACPI Events Check.
[[0;32m  OK  [0m] Reached target Paths.
[[0;32m  OK  [0m] Started Message of the Day.
[[0;32m  OK  [0m] Started Daily apt upgrade and clean activities.
[[0;32m  OK  [0m] Started Daily Cleanup of Temporary Directories.
[[0;32m  OK  [0m] Reached target Timers.
[[0;32m  OK  [0m] Listening on UUID daemon activation socket.
[[0;32m  OK  [0m] Reached target Network is Online.
[[0;32m  OK  [0m] Reached target Remote File Systems (Pre).
         Starting Availability of block devices...
         Mounting /vagrant...
[[0;32m  OK  [0m] Reached target Cloud-config availability.
[[0;32m  OK  [0m] Listening on LXD - unix socket.
[[0;32m  OK  [0m] Listening on Socket activation for snappy daemon.
[[0;32m  OK  [0m] Reached target Sockets.
[[0;32m  OK  [0m] Reached target Basic System.
         Starting Accounts Service...
         Starting Virtualbox guest utils...
         Starting Daily apt upgrade and clean activities...
[[0;32m  OK  [0m] Started D-Bus System Message Bus.
         Starting LSB: Record successful boot for GRUB...
[[0;32m  OK  [0m] Started irqbalance daemon.
         Starting System Logging Service...
         Starting Dispatcher daemon for systemd-networkd...
[[0;32m  OK  [0m] Started Deferred execution scheduler.
         Starting Login Service...
[[0;32m  OK  [0m] Started FUSE filesystem for LXC.
         Starting Message of the Day...
         Starting Snap Daemon...
[[0;32m  OK  [0m] Started Regular background program processing daemon.
         Starting OpenBSD Secure Shell server...
         Starting LXD - container startup/shutdown...
[[0;32m  OK  [0m] Started System Logging Service.
[[0;32m  OK  [0m] Started Availability of block devices.
[[0;32m  OK  [0m] Mounted /vagrant.
[[0;32m  OK  [0m] Started Login Service.
[[0;32m  OK  [0m] Started Unattended Upgrades Shutdown.
         Starting Authorization Manager...
[[0;32m  OK  [0m] Reached target Remote File Systems.
         Starting Permit User Sessions...
         Starting LSB: automatic crash report generation...
[[0;32m  OK  [0m] Started Permit User Sessions.
         Starting Hold until boot process finishes up...
         Starting Terminate Plymouth Boot Screen...
[[0;32m  OK  [0m] Started Hold until boot process finishes up.
[[0;32m  OK  [0m] Started Terminate Plymouth Boot Screen.
         Starting Set console scheme...
[[0;32m  OK  [0m] Started Serial Getty on ttyS0.
[[0;32m  OK  [0m] Started Authorization Manager.
[[0;32m  OK  [0m] Started Accounts Service.
[[0;32m  OK  [0m] Started Set console scheme.
[[0;32m  OK  [0m] Created slice system-getty.slice.
[[0;32m  OK  [0m] Started Getty on tty1.
[[0;32m  OK  [0m] Reached target Login Prompts.
[[0;32m  OK  [0m] Started LSB: Record successful boot for GRUB.
[[0;32m  OK  [0m] Started OpenBSD Secure Shell server.
[[0;32m  OK  [0m] Started Dispatcher daemon for systemd-networkd.
[[0;32m  OK  [0m] Started LSB: automatic crash report generation.
[[0;32m  OK  [0m] Started Virtualbox guest utils.
[[0;32m  OK  [0m] Started LXD - container startup/shutdown.
[[0;32m  OK  [0m] Started Message of the Day.
[[0;32m  OK  [0m] Started Snap Daemon.
         Starting Time & Date Service...
         Starting Wait until snapd is fully seeded...
[[0;32m  OK  [0m] Started Time & Date Service.
[[0;32m  OK  [0m] Started Wait until snapd is fully seeded.
[[0;32m  OK  [0m] Reached target Multi-User System.
[[0;32m  OK  [0m] Reached target Graphical Interface.
         Starting Update UTMP about System Runlevel Changes...
         Starting Apply the settings specified in cloud-config...
[[0;32m  OK  [0m] Started Update UTMP about System Runlevel Changes.
[  530.560543] cloud-init[1434]: Cloud-init v. 21.4-0ubuntu1~18.04.1 running 'modules:config' at Fri, 18 Mar 2022 20:29:30 +0000. Up 530.33 seconds.
[[0;32m  OK  [0m] Started Apply the settings specified in cloud-config.
[  532.839137] cloud-init[1473]: Cloud-init v. 21.4-0ubuntu1~18.04.1 running 'modules:final' at Fri, 18 Mar 2022 20:29:31 +0000. Up 532.26 seconds.
[  532.839578] cloud-init[1473]: Cloud-init v. 21.4-0ubuntu1~18.04.1 finished at Fri, 18 Mar 2022 20:29:33 +0000. Datasource DataSourceNoCloud [seed=/dev/sdb][dsmode=net].  Up 532.82 seconds

Ubuntu 18.04.6 LTS ubuntu-bionic ttyS0

ubuntu-bionic login: 