[    0.000000] Linux version 4.15.0-171-generic (buildd@ubuntu) (gcc version 7.5.0 (Ubuntu 7.5.0-3ubuntu1~18.04)) #180-Ubuntu SMP Wed Mar 2 17:25:05 UTC 2022 (Ubuntu 4.15.0-171.180-generic 4.15.18)
[    0.000000] Command line: BOOT_IMAGE=/boot/vmlinuz-4.15.0-171-generic root=LABEL=cloudimg-rootfs ro console=tty1 console=ttyS0
[    0.000000] KERNEL supported cpus:
[    0.000000]   Intel GenuineIntel
[    0.000000]   AMD AuthenticAMD
[    0.000000]   Centaur CentaurHauls
[    0.000000] x86/fpu: x87 FPU will use FXSAVE
[    0.000000] e820: BIOS-provided physical RAM map:
[    0.000000] BIOS-e820: [mem 0x0000000000000000-0x000000000009fbff] usable
[    0.000000] BIOS-e820: [mem 0x000000000009fc00-0x000000000009ffff] reserved
[    0.000000] BIOS-e820: [mem 0x00000000000f0000-0x00000000000fffff] reserved
[    0.000000] BIOS-e820: [mem 0x0000000000100000-0x000000003ffeffff] usable
[    0.000000] BIOS-e820: [mem 0x000000003fff0000-0x000000003fffffff] ACPI data
[    0.000000] BIOS-e820: [mem 0x00000000fec00000-0x00000000fec00fff] reserved
[    0.000000] BIOS-e820: [mem 0x00000000fee00000-0x00000000fee00fff] reserved
[    0.000000] BIOS-e820: [mem 0x00000000fffc0000-0x00000000ffffffff] reserved
[    0.000000] NX (Execute Disable) protection: active
[    0.000000] SMBIOS 2.5 present.
[    0.000000] DMI: innotek GmbH VirtualBox/VirtualBox, BIOS VirtualBox 12/01/2006
[    0.000000] Hypervisor detected: KVM
[    0.000000] e820: last_pfn = 0x3fff0 max_arch_pfn = 0x400000000
[    0.000000] MTRR: Disabled
[    0.000000] x86/PAT: MTRRs disabled, skipping PAT initialization too.
[    0.000000] CPU MTRRs all blank - virtualized system.
[    0.000000] x86/PAT: Configuration [0-7]: WB  WT  UC- UC  WB  WT  UC- UC  
[    0.000000] found SMP MP-table at [mem 0x0009fff0-0x0009ffff]
[    0.000000] Scanning 1 areas for low memory corruption
[    0.000000] RAMDISK: [mem 0x359c7000-0x36cdafff]
[    0.000000] ACPI: Early table checksum verification disabled
[    0.000000] ACPI: RSDP 0x00000000000E0000 000024 (v02 VBOX  )
[    0.000000] ACPI: XSDT 0x000000003FFF0030 00003C (v01 VBOX   VBOXXSDT 00000001 ASL  00000061)
[    0.000000] ACPI: FACP 0x000000003FFF00F0 0000F4 (v04 VBOX   VBOXFACP 00000001 ASL  00000061)
[    0.000000] ACPI: DSDT 0x000000003FFF0470 002325 (v02 VBOX   VBOXBIOS 00000002 INTL 20100528)
[    0.000000] ACPI: FACS 0x000000003FFF0200 000040
[    0.000000] ACPI: FACS 0x000000003FFF0200 000040
[    0.000000] ACPI: APIC 0x000000003FFF0240 00005C (v02 VBOX   VBOXAPIC 00000001 ASL  00000061)
[    0.000000] ACPI: SSDT 0x000000003FFF02A0 0001CC (v01 VBOX   VBOXCPUT 00000002 INTL 20100528)
[    0.000000] ACPI: Reserving FACP table memory at [mem 0x3fff00f0-0x3fff01e3]
[    0.000000] ACPI: Reserving DSDT table memory at [mem 0x3fff0470-0x3fff2794]
[    0.000000] ACPI: Reserving FACS table memory at [mem 0x3fff0200-0x3fff023f]
[    0.000000] ACPI: Reserving FACS table memory at [mem 0x3fff0200-0x3fff023f]
[    0.000000] ACPI: Reserving APIC table memory at [mem 0x3fff0240-0x3fff029b]
[    0.000000] ACPI: Reserving SSDT table memory at [mem 0x3fff02a0-0x3fff046b]
[    0.000000] No NUMA configuration found
[    0.000000] Faking a node at [mem 0x0000000000000000-0x000000003ffeffff]
[    0.000000] NODE_DATA(0) allocated [mem 0x3ffc5000-0x3ffeffff]
[    0.000000] kvm-clock: cpu 0, msr 0:3ff44001, primary cpu clock
[    0.000000] kvm-clock: Using msrs 4b564d01 and 4b564d00
[    0.000000] kvm-clock: using sched offset of 6682671495 cycles
[    0.000000] clocksource: kvm-clock: mask: 0xffffffffffffffff max_cycles: 0x1cd42e4dffb, max_idle_ns: 881590591483 ns
[    0.000000] Zone ranges:
[    0.000000]   DMA      [mem 0x0000000000001000-0x0000000000ffffff]
[    0.000000]   DMA32    [mem 0x0000000001000000-0x000000003ffeffff]
[    0.000000]   Normal   empty
[    0.000000]   Device   empty
[    0.000000] Movable zone start for each node
[    0.000000] Early memory node ranges
[    0.000000]   node   0: [mem 0x0000000000001000-0x000000000009efff]
[    0.000000]   node   0: [mem 0x0000000000100000-0x000000003ffeffff]
[    0.000000] Reserved but unavailable: 104 pages
[    0.000000] Initmem setup node 0 [mem 0x0000000000001000-0x000000003ffeffff]
[    0.000000] ACPI: PM-Timer IO Port: 0x4008
[    0.000000] IOAPIC[0]: apic_id 2, version 32, address 0xfec00000, GSI 0-23
[    0.000000] ACPI: INT_SRC_OVR (bus 0 bus_irq 0 global_irq 2 dfl dfl)
[    0.000000] ACPI: INT_SRC_OVR (bus 0 bus_irq 9 global_irq 9 low level)
[    0.000000] Using ACPI (MADT) for SMP configuration information
[    0.000000] smpboot: Allowing 2 CPUs, 0 hotplug CPUs
[    0.000000] PM: Registered nosave memory: [mem 0x00000000-0x00000fff]
[    0.000000] PM: Registered nosave memory: [mem 0x0009f000-0x0009ffff]
[    0.000000] PM: Registered nosave memory: [mem 0x000a0000-0x000effff]
[    0.000000] PM: Registered nosave memory: [mem 0x000f0000-0x000fffff]
[    0.000000] e820: [mem 0x40000000-0xfebfffff] available for PCI devices
[    0.000000] Booting paravirtualized kernel on KVM
[    0.000000] clocksource: refined-jiffies: mask: 0xffffffff max_cycles: 0xffffffff, max_idle_ns: 7645519600211568 ns
[    0.000000] random: get_random_bytes called from start_kernel+0x99/0x500 with crng_init=0
[    0.000000] setup_percpu: NR_CPUS:8192 nr_cpumask_bits:2 nr_cpu_ids:2 nr_node_ids:1
[    0.000000] percpu: Embedded 50 pages/cpu s167936 r8192 d28672 u1048576
[    0.000000] PV qspinlock hash table entries: 256 (order: 0, 4096 bytes)
[    0.000000] Built 1 zonelists, mobility grouping on.  Total pages: 257913
[    0.000000] Policy zone: DMA32
[    0.000000] Kernel command line: BOOT_IMAGE=/boot/vmlinuz-4.15.0-171-generic root=LABEL=cloudimg-rootfs ro console=tty1 console=ttyS0
[    0.000000] Memory: 982632K/1048120K available (12300K kernel code, 2483K rwdata, 4324K rodata, 2476K init, 2724K bss, 65488K reserved, 0K cma-reserved)
[    0.000000] SLUB: HWalign=64, Order=0-3, MinObjects=0, CPUs=2, Nodes=1
[    0.000000] Kernel/User page tables isolation: enabled
[    0.000000] ftrace: allocating 39503 entries in 155 pages
[    0.004000] Hierarchical RCU implementation.
[    0.004000] 	RCU restricting CPUs from NR_CPUS=8192 to nr_cpu_ids=2.
[    0.004000] 	Tasks RCU enabled.
[    0.004000] RCU: Adjusting geometry for rcu_fanout_leaf=16, nr_cpu_ids=2
[    0.004000] NR_IRQS: 524544, nr_irqs: 440, preallocated irqs: 16
[    0.004000] Console: colour VGA+ 80x25
[    0.004000] console [tty1] enabled
[    0.004000] console [ttyS0] enabled
[    0.004000] ACPI: Core revision 20170831
[    0.004000] ACPI: 2 ACPI AML tables successfully acquired and loaded
[    0.004000] APIC: Switch to symmetric I/O mode setup
[    0.008000] ..TIMER: vector=0x30 apic1=0 pin1=2 apic2=-1 pin2=-1
[    0.008000] tsc: Detected 2711.998 MHz processor
[    0.008000] Calibrating delay loop (skipped) preset value.. 5423.99 BogoMIPS (lpj=10847992)
[    0.008000] pid_max: default: 32768 minimum: 301
[    0.008000] Security Framework initialized
[    0.008000] Yama: becoming mindful.
[    0.008000] AppArmor: AppArmor initialized
[    0.008000] Dentry cache hash table entries: 131072 (order: 8, 1048576 bytes)
[    0.008000] Inode-cache hash table entries: 65536 (order: 7, 524288 bytes)
[    0.008000] Mount-cache hash table entries: 2048 (order: 2, 16384 bytes)
[    0.008000] Mountpoint-cache hash table entries: 2048 (order: 2, 16384 bytes)
[    0.009492] Last level iTLB entries: 4KB 64, 2MB 8, 4MB 8
[    0.012000] Last level dTLB entries: 4KB 64, 2MB 0, 4MB 0, 1GB 4
[    0.012000] Spectre V1 : Mitigation: usercopy/swapgs barriers and __user pointer sanitization
[    0.012000] Spectre V2 : Mitigation: Retpolines
[    0.012000] Spectre V2 : Spectre v2 / SpectreRSB mitigation: Filling RSB on context switch
[    0.012000] Speculative Store Bypass: Vulnerable
[    0.012000] MDS: Mitigation: Clear CPU buffers
[    0.012000] Freeing SMP alternatives memory: 36K
[    0.122673] smpboot: CPU0: Intel(R) Core(TM) i5-7300U CPU @ 2.60GHz (family: 0x6, model: 0x8e, stepping: 0x9)
[    0.124000] Performance Events: unsupported p6 CPU model 142 no PMU driver, software events only.
[    0.124000] Hierarchical SRCU implementation.
[    0.124000] NMI watchdog: Perf event create on CPU 0 failed with -2
[    0.124000] NMI watchdog: Perf NMI watchdog permanently disabled
[    0.124000] smp: Bringing up secondary CPUs ...
[    0.124000] x86: Booting SMP configuration:
[    0.124000] .... node  #0, CPUs:      #1
[    0.004000] kvm-clock: cpu 1, msr 0:3ff44041, secondary cpu clock
[    0.132000] TSC synchronization [CPU#0 -> CPU#1]:
[    0.132000] Measured 170543 cycles TSC warp between CPUs, turning off TSC clock.
[    0.132000] tsc: Marking TSC unstable due to check_tsc_sync_source failed
[    0.136300] smp: Brought up 1 node, 2 CPUs
[    0.140000] smpboot: Max logical packages: 1
[    0.140000] smpboot: Total of 2 processors activated (10847.99 BogoMIPS)
[    0.144011] devtmpfs: initialized
[    0.147769] x86/mm: Memory block size: 128MB
[    0.148000] evm: security.selinux
[    0.148000] evm: security.SMACK64
[    0.148000] evm: security.SMACK64EXEC
[    0.148000] evm: security.SMACK64TRANSMUTE
[    0.148000] evm: security.SMACK64MMAP
[    0.148000] evm: security.apparmor
[    0.148000] evm: security.ima
[    0.148000] evm: security.capability
[    0.148598] clocksource: jiffies: mask: 0xffffffff max_cycles: 0xffffffff, max_idle_ns: 7645041785100000 ns
[    0.152000] futex hash table entries: 512 (order: 3, 32768 bytes)
[    0.152000] pinctrl core: initialized pinctrl subsystem
[    0.152000] RTC time: 13:09:09, date: 03/12/22
[    0.152000] NET: Registered protocol family 16
[    0.152000] audit: initializing netlink subsys (disabled)
[    0.152423] audit: type=2000 audit(1647090557.416:1): state=initialized audit_enabled=0 res=1
[    0.164138] cpuidle: using governor ladder
[    0.168000] cpuidle: using governor menu
[    0.168000] ACPI: bus type PCI registered
[    0.168000] acpiphp: ACPI Hot Plug PCI Controller Driver version: 0.5
[    0.168000] PCI: Using configuration type 1 for base access
[    0.172578] HugeTLB registered 2.00 MiB page size, pre-allocated 0 pages
[    0.180545] ACPI: Added _OSI(Module Device)
[    0.184000] ACPI: Added _OSI(Processor Device)
[    0.184000] ACPI: Added _OSI(3.0 _SCP Extensions)
[    0.184000] ACPI: Added _OSI(Processor Aggregator Device)
[    0.184000] ACPI: Added _OSI(Linux-Dell-Video)
[    0.184000] ACPI: Added _OSI(Linux-Lenovo-NV-HDMI-Audio)
[    0.184000] ACPI: Added _OSI(Linux-HPI-Hybrid-Graphics)
[    0.184856] ACPI: Executed 1 blocks of module-level executable AML code
[    0.193181] ACPI: Interpreter enabled
[    0.196000] ACPI: (supports S0 S5)
[    0.196000] ACPI: Using IOAPIC for interrupt routing
[    0.196367] PCI: Using host bridge windows from ACPI; if necessary, use "pci=nocrs" and report a bug
[    0.200000] ACPI: Enabled 2 GPEs in block 00 to 07
[    0.218222] ACPI: PCI Root Bridge [PCI0] (domain 0000 [bus 00-ff])
[    0.220000] acpi PNP0A03:00: _OSC: OS supports [ASPM ClockPM Segments MSI]
[    0.225125] acpi PNP0A03:00: _OSC: not requesting OS control; OS requires [ExtendedConfig ASPM ClockPM MSI]
[    0.228000] acpi PNP0A03:00: fail to add MMCONFIG information, can't access extended PCI configuration space under this bridge.
[    0.228928] PCI host bridge to bus 0000:00
[    0.232000] pci_bus 0000:00: root bus resource [io  0x0000-0x0cf7 window]
[    0.232000] pci_bus 0000:00: root bus resource [io  0x0d00-0xffff window]
[    0.232000] pci_bus 0000:00: root bus resource [mem 0x000a0000-0x000bffff window]
[    0.232000] pci_bus 0000:00: root bus resource [mem 0x40000000-0xfdffffff window]
[    0.232000] pci_bus 0000:00: root bus resource [bus 00-ff]
[    0.238802] pci 0000:00:01.1: legacy IDE quirk: reg 0x10: [io  0x01f0-0x01f7]
[    0.240000] pci 0000:00:01.1: legacy IDE quirk: reg 0x14: [io  0x03f6]
[    0.240000] pci 0000:00:01.1: legacy IDE quirk: reg 0x18: [io  0x0170-0x0177]
[    0.240000] pci 0000:00:01.1: legacy IDE quirk: reg 0x1c: [io  0x0376]
[    0.260000] pci 0000:00:07.0: quirk: [io  0x4000-0x403f] claimed by PIIX4 ACPI
[    0.260000] pci 0000:00:07.0: quirk: [io  0x4100-0x410f] claimed by PIIX4 SMB
[    0.269414] ACPI: PCI Interrupt Link [LNKA] (IRQs 5 9 10 *11)
[    0.272558] ACPI: PCI Interrupt Link [LNKB] (IRQs 5 9 *10 11)
[    0.276000] ACPI: PCI Interrupt Link [LNKC] (IRQs 5 *9 10 11)
[    0.276000] ACPI: PCI Interrupt Link [LNKD] (IRQs 5 9 10 *11)
[    0.276000] SCSI subsystem initialized
[    0.276377] pci 0000:00:02.0: vgaarb: setting as boot VGA device
[    0.280000] pci 0000:00:02.0: vgaarb: VGA device added: decodes=io+mem,owns=io+mem,locks=none
[    0.280000] pci 0000:00:02.0: vgaarb: bridge control possible
[    0.280000] vgaarb: loaded
[    0.280000] ACPI: bus type USB registered
[    0.280000] usbcore: registered new interface driver usbfs
[    0.280000] usbcore: registered new interface driver hub
[    0.280000] usbcore: registered new device driver usb
[    0.280373] EDAC MC: Ver: 3.0.0
[    0.288178] PCI: Using ACPI for IRQ routing
[    0.292000] NetLabel: Initializing
[    0.292000] NetLabel:  domain hash size = 128
[    0.292000] NetLabel:  protocols = UNLABELED CIPSOv4 CALIPSO
[    0.292000] NetLabel:  unlabeled traffic allowed by default
[    0.296312] clocksource: Switched to clocksource kvm-clock
[    0.300000] VFS: Disk quotas dquot_6.6.0
[    0.300000] VFS: Dquot-cache hash table entries: 512 (order 0, 4096 bytes)
[    0.300000] AppArmor: AppArmor Filesystem Enabled
[    0.300000] pnp: PnP ACPI init
[    0.367850] pnp: PnP ACPI: found 3 devices
[    0.423934] clocksource: acpi_pm: mask: 0xffffff max_cycles: 0xffffff, max_idle_ns: 2085701024 ns
[    0.424111] NET: Registered protocol family 2
[    0.424111] IP idents hash table entries: 16384 (order: 5, 131072 bytes)
[    0.424111] TCP established hash table entries: 8192 (order: 4, 65536 bytes)
[    0.446163] TCP bind hash table entries: 8192 (order: 5, 131072 bytes)
[    0.446163] TCP: Hash tables configured (established 8192 bind 8192)
[    0.446163] UDP hash table entries: 512 (order: 2, 16384 bytes)
[    0.446163] UDP-Lite hash table entries: 512 (order: 2, 16384 bytes)
[    0.446163] NET: Registered protocol family 1
[    0.446163] pci 0000:00:00.0: Limiting direct PCI/PCI transfers
[    0.446163] pci 0000:00:01.0: Activating ISA DMA hang workarounds
[    0.446163] pci 0000:00:02.0: Video device with shadowed ROM at [mem 0x000c0000-0x000dffff]
[    0.446163] Unpacking initramfs...
[    0.446163] Freeing initrd memory: 19536K
[    1.074367] clocksource: tsc: mask: 0xffffffffffffffff max_cycles: 0x27178451938, max_idle_ns: 440795251172 ns
[    1.077861] platform rtc_cmos: registered platform RTC device (no PNP device found)
[    1.077861] Scanning for low memory corruption every 60 seconds
[    1.100148] Initialise system trusted keyrings
[    1.103579] Key type blacklist registered
[    1.109785] workingset: timestamp_bits=36 max_order=18 bucket_order=0
[    1.113542] zbud: loaded
[    1.122108] squashfs: version 4.0 (2009/01/31) Phillip Lougher
[    1.129509] fuse init (API version 7.26)
[    1.160170] Key type asymmetric registered
[    1.164099] Asymmetric key parser 'x509' registered
[    1.168142] Block layer SCSI generic (bsg) driver version 0.4 loaded (major 246)
[    1.178609] io scheduler noop registered
[    1.182420] io scheduler deadline registered
[    1.182420] io scheduler cfq registered (default)
[    1.193469] ACPI: AC Adapter [AC] (on-line)
[    1.197361] input: Power Button as /devices/LNXSYSTM:00/LNXPWRBN:00/input/input0
[    1.206059] ACPI: Power Button [PWRF]
[    1.210497] input: Sleep Button as /devices/LNXSYSTM:00/LNXSLPBN:00/input/input1
[    1.214098] ACPI: Sleep Button [SLPF]
[    1.224954] Serial: 8250/16550 driver, 32 ports, IRQ sharing enabled
[    1.224988] ACPI: Battery Slot [BAT0] (battery present)
[    1.270269] 00:02: ttyS0 at I/O 0x3f8 (irq = 4, base_baud = 115200) is a 16550A
[    1.273051] Linux agpgart interface v0.103
[    1.290422] loop: module loaded
[    1.297440] scsi host0: ata_piix
[    1.302390] scsi host1: ata_piix
[    1.306013] ata1: PATA max UDMA/33 cmd 0x1f0 ctl 0x3f6 bmdma 0xd000 irq 14
[    1.306383] ata2: PATA max UDMA/33 cmd 0x170 ctl 0x376 bmdma 0xd008 irq 15
[    1.306383] libphy: Fixed MDIO Bus: probed
[    1.321133] tun: Universal TUN/TAP device driver, 1.6
[    1.321133] PPP generic driver version 2.4.2
[    1.321133] ehci_hcd: USB 2.0 'Enhanced' Host Controller (EHCI) Driver
[    1.321133] ehci-pci: EHCI PCI platform driver
[    1.321133] ehci-platform: EHCI generic platform driver
[    1.321133] ohci_hcd: USB 1.1 'Open' Host Controller (OHCI) Driver
[    1.321133] ohci-pci: OHCI PCI platform driver
[    1.321133] ohci-platform: OHCI generic platform driver
[    1.321133] uhci_hcd: USB Universal Host Controller Interface driver
[    1.321133] i8042: PNP: PS/2 Controller [PNP0303:PS2K,PNP0f03:PS2M] at 0x60,0x64 irq 1,12
[    1.394613] serio: i8042 KBD port at 0x60,0x64 irq 1
[    1.396067] serio: i8042 AUX port at 0x60,0x64 irq 12
[    1.396067] mousedev: PS/2 mouse device common for all mice
[    1.415351] rtc_cmos rtc_cmos: rtc core: registered rtc_cmos as rtc0
[    1.417781] rtc_cmos rtc_cmos: alarms up to one day, 114 bytes nvram
[    1.417781] i2c /dev entries driver
[    1.417781] device-mapper: uevent: version 1.0.3
[    1.417781] device-mapper: ioctl: 4.37.0-ioctl (2017-09-20) initialised: dm-devel@redhat.com
[    1.451103] ledtrig-cpu: registered to indicate activity on CPUs
[    1.462522] NET: Registered protocol family 10
[    1.471050] input: AT Translated Set 2 keyboard as /devices/platform/i8042/serio0/input/input2
[    1.522085] Segment Routing with IPv6
[    1.526069] NET: Registered protocol family 17
[    1.533683] Key type dns_resolver registered
[    1.540268] mce: Using 0 MCE banks
[    1.543930] RAS: Correctable Errors collector initialized.
[    1.544006] sched_clock: Marking stable (1540006349, 0)->(2922398077, -1382391728)
[    1.563289] registered taskstats version 1
[    1.568361] Loading compiled-in X.509 certificates
[    1.608338] Loaded X.509 cert 'Build time autogenerated kernel key: af32452646252a8bcb28446c2c4754d4174d97ad'
[    1.618858] Loaded X.509 cert 'Canonical Ltd. Live Patch Signing: 14df34d1a87cf37625abec039ef2bf521249b969'
[    1.629967] Loaded X.509 cert 'Canonical Ltd. Kernel Module Signing: 88f752e560a1e0737e31163a466ad7b70a850c19'
[    1.643235] blacklist: Loading compiled-in revocation X.509 certificates
[    1.652615] Loaded X.509 cert 'Canonical Ltd. Secure Boot Signing: 61482aa2830d0ab2ad5af10b7250da9033ddcef0'
[    1.664315] zswap: loaded using pool lzo/zbud
[    1.681871] Key type big_key registered
[    1.686386] Key type trusted registered
[    1.696118] Key type encrypted registered
[    1.701184] AppArmor: AppArmor sha1 policy hashing enabled
[    1.706924] ima: No TPM chip found, activating TPM-bypass! (rc=-19)
[    1.713119] ima: Allocated hash algorithm: sha1
[    1.719244] evm: HMAC attrs: 0x1
[    1.724421]   Magic number: 14:875:179
[    1.729403] rtc_cmos rtc_cmos: setting system clock to 2022-03-12 13:09:11 UTC (1647090551)
[    1.739525] BIOS EDD facility v0.16 2004-Jun-25, 0 devices found
[    1.746206] EDD information not available.
[    1.755877] Freeing unused kernel image memory: 2476K
[    1.777097] Write protecting the kernel read-only data: 20480k
[    1.803978] Freeing unused kernel image memory: 2008K
[    1.813600] Freeing unused kernel image memory: 1820K
[    1.826095] x86/mm: Checked W+X mappings: passed, no W+X pages found.
[    1.833328] x86/mm: Checking user space page tables
[    1.844971] x86/mm: Checked W+X mappings: passed, no W+X pages found.
Loading, please wait...
starting version 237
[    2.053208] e1000: Intel(R) PRO/1000 Network Driver - version 7.3.21-k8-NAPI
[    2.064471] e1000: Copyright (c) 1999-2006 Intel Corporation.
[    2.074784] Fusion MPT base driver 3.04.20
[    2.081368] Copyright (c) 1999-2008 LSI Corporation
[    2.163989] Fusion MPT SPI Host driver 3.04.20
[    2.411469] input: ImExPS/2 Generic Explorer Mouse as /devices/platform/i8042/serio1/input/input4
[    2.992579] e1000 0000:00:03.0 eth0: (PCI:33MHz:32-bit) 02:4d:90:b0:a6:cd
[    3.002985] e1000 0000:00:03.0 eth0: Intel(R) PRO/1000 Network Connection
[    3.013813] mptbase: ioc0: Initiating bringup
[    3.013981] e1000 0000:00:03.0 enp0s3: renamed from eth0
[    3.145175] ioc0: LSI53C1030 A0: Capabilities={Initiator}
[    4.183230] scsi host2: ioc0: LSI53C1030 A0, FwRev=00000000h, Ports=1, MaxQ=256, IRQ=20
[    5.006945] scsi 2:0:0:0: Direct-Access     VBOX     HARDDISK         1.0  PQ: 0 ANSI: 5
[    5.380537] scsi target2:0:0: Beginning Domain Validation
[    5.397321] scsi target2:0:0: Domain Validation skipping write tests
[    5.405196] scsi target2:0:0: Ending Domain Validation
[    5.411176] scsi target2:0:0: asynchronous
[    5.417843] scsi 2:0:1:0: Direct-Access     VBOX     HARDDISK         1.0  PQ: 0 ANSI: 5
[    6.927243] scsi target2:0:1: Beginning Domain Validation
[    6.953045] scsi target2:0:1: Domain Validation skipping write tests
[    6.964688] scsi target2:0:1: Ending Domain Validation
[    6.974811] random: fast init done
[    6.980111] scsi target2:0:1: asynchronous
[    7.005544] sd 2:0:0:0: Attached scsi generic sg0 type 0
[    7.006256] random: systemd-udevd: uninitialized urandom read (16 bytes read)
[    7.012292] sd 2:0:1:0: Attached scsi generic sg1 type 0
[    7.020441] random: systemd-udevd: uninitialized urandom read (16 bytes read)
[    7.020446] random: systemd-udevd: uninitialized urandom read (16 bytes read)
[    7.046253] sd 2:0:1:0: [sdb] 20480 512-byte logical blocks: (10.5 MB/10.0 MiB)
[    7.046419] sd 2:0:0:0: [sda] 83886080 512-byte logical blocks: (42.9 GB/40.0 GiB)
[    7.055645] sd 2:0:1:0: [sdb] Write Protect is off
[    7.071001] sd 2:0:0:0: [sda] Write Protect is off
[    7.072323] sd 2:0:1:0: [sdb] Incomplete mode parameter data
[    7.085082] sd 2:0:1:0: [sdb] Assuming drive cache: write through
[    7.092809] sd 2:0:0:0: [sda] Incomplete mode parameter data
[    7.101688] sd 2:0:0:0: [sda] Assuming drive cache: write through
[    7.102281] sd 2:0:1:0: [sdb] Attached SCSI disk
[    7.130554]  sda: sda1
[    7.139785] sd 2:0:0:0: [sda] Attached SCSI disk
Begin: Loading essential drivers ... [    9.876216] raid6: sse2x1   gen()  7299 MB/s
[   11.383954] raid6: sse2x1   xor() 126234 MB/s
[   13.390886] raid6: sse2x2   gen() 187233 MB/s
[   15.386504] raid6: sse2x2   xor() 79037 MB/s
[   16.425148] raid6: sse2x4   gen() 13248 MB/s
[   18.458035] raid6: sse2x4   xor() 119386 MB/s
[   18.505117] raid6: using algorithm sse2x2 gen() 187233 MB/s
[   18.523279] raid6: .... xor() 79037 MB/s, rmw enabled
[   18.661558] raid6: using ssse3x2 recovery algorithm
[   18.725438] xor: measuring software checksum speed
[   21.381004]    prefetch64-sse: -593041.-296 MB/sec
[   23.491334]    generic_sse: -447690.-296 MB/sec
[   23.496872] xor: using function: generic_sse (-447690.-296 MB/sec)
[   23.508596] async_tx: api initialized (async)
done.
Begin: Running /scripts/init-premount ... done.
Begin: Mounting root file system ... Begin: Running /scripts/local-top ... done.
Begin: Running /scripts/local-premount ... [   23.602456] Btrfs loaded, crc32c=crc32c-intel
Scanning for Btrfs filesystems
done.
Warning: fsck not present, so skipping root file system
[   23.674366] EXT4-fs (sda1): mounted filesystem with ordered data mode. Opts: (null)
done.
Begin: Running /scripts/local-bottom ... done.
Begin: Running /scripts/init-bottom ... done.
[   24.012844] ip_tables: (C) 2000-2006 Netfilter Core Team
[   24.045404] systemd[1]: systemd 237 running in system mode. (+PAM +AUDIT +SELINUX +IMA +APPARMOR +SMACK +SYSVINIT +UTMP +LIBCRYPTSETUP +GCRYPT +GNUTLS +ACL +XZ +LZ4 +SECCOMP +BLKID +ELFUTILS +KMOD -IDN2 +IDN -PCRE2 default-hierarchy=hybrid)
[   24.072832] systemd[1]: Detected virtualization oracle.
[   24.080106] systemd[1]: Detected architecture x86-64.

Welcome to [1mUbuntu 18.04.6 LTS[0m!

[   24.158148] systemd[1]: Set hostname to <ubuntu>.
[   24.179615] systemd[1]: Initializing machine ID from random generator.
[   24.187771] systemd[1]: Installed transient /etc/machine-id file.
[   24.816034] systemd[1]: Created slice System Slice.
[[0;32m  OK  [0m] Created slice System Slice.
[   24.844674] systemd[1]: Listening on udev Control Socket.
[[0;32m  OK  [0m] Listening on udev Control Socket.
[   24.854606] systemd[1]: Created slice system-serial\x2dgetty.slice.
[[0;32m  OK  [0m] Created slice system-serial\x2dgetty.slice.
[   24.866825] systemd[1]: Listening on Journal Socket.
[[0;32m  OK  [0m] Listening on Journal Socket.
         Starting Uncomplicated firewall...
[[0;32m  OK  [0m] Listening on Device-mapper event daemon FIFOs.
         Mounting Huge Pages File System...
         Starting Create list of required stâ€¦ce nodes for the current kernel...
[[0;32m  OK  [0m] Reached target Swap.
[[0;32m  OK  [0m] Reached target User and Group Name Lookups.
         Starting Load Kernel Modules...
[[0;32m  OK  [0m] Set up automount Arbitrary Executabâ€¦rmats File System Automount Point.
[[0;32m  OK  [0m] Created slice User and Session Slice.
[[0;32m  OK  [0m] Listening on Journal Audit Socket.
         Mounting POSIX Message Queue File System...
[   24.965777] Loading iSCSI transport class v2.0-870.
[[0;32m  OK  [0m] Listening on /dev/initctl Compatibility Named Pipe.
[[0;32m  OK  [0m] Listening on Syslog Socket.
         Mounting Kernel Debug File System...
[[0;32m  OK  [0m] Reached target Slices.
[[0;32m  OK  [0m] Reached target System Time Synchronized.
[[0;32m  OK  [0m] Listening on Journal Socket (/dev/log).
         Starting Journal Service...
         Starting Set the console keyboard layout...
[[0;32m  OK  [0m] Listening on LVM2 poll daemon socket.
[   25.123668] iscsi: registered transport (tcp)
[[0;32m  OK  [0m] Listening on Network Service Netlink Socket.
[[0;32m  OK  [0m] Listening on LVM2 metadata daemon socket.
         Starting Monitoring of LVM2 mirrorsâ€¦ng dmeventd or progress polling...
[[0;32m  OK  [0m] Started Forward Password Requests to Wall Directory Watch.
[[0;32m  OK  [0m] Listening on fsck to fsckd communication Socket.
         Starting File System Check on Root Device...
[[0;32m  OK  [0m] Listening on udev Kernel Socket.
         Starting udev Coldplug all Devices...
[[0;32m  OK  [0m] Started Uncomplicated firewall.
[[0;32m  OK  [0m] Mounted Huge Pages File System.
[[0;32m  OK  [0m] Started Create list of required staâ€¦vice nodes for the current kernel.
[[0;32m  OK  [0m] Mounted POSIX Message Queue File System.
[[0;32m  OK  [0m] Mounted Kernel Debug File System.
         Starting Create Static Device Nodes in /dev...
[[0;32m  OK  [0m] Started File System Check Daemon to report status.
[[0;32m  OK  [0m] Started udev Coldplug all Devices.
[[0;32m  OK  [0m] Started Journal Service.
[[0;32m  OK  [0m] Started Create Static Device Nodes in /dev.
[[0;32m  OK  [0m] Started LVM2 metadata daemon.
[[0;32m  OK  [0m] Started File System Check on Root Device.
         Starting Remount Root and Kernel File Systems...
[[0;32m  OK  [0m] Started Monitoring of LVM2 mirrors,â€¦sing dmeventd or progress polling.
[   25.680607] EXT4-fs (sda1): re-mounted. Opts: (null)
[[0;32m  OK  [0m] Started Remount Root and Kernel File Systems.
         Starting Load/Save Random Seed...
         Starting Flush Journal to Persistent Storage...
[   25.740852] random: crng init done
[   25.746751] random: 7 urandom warning(s) missed due to ratelimiting
         Starting udev Kernel Device Manager...
[   26.460042] systemd-journald[396]: Received request to flush runtime journal from PID 1
[[0;32m  OK  [0m] Started Load/Save Random Seed.
[   26.520502] iscsi: registered transport (iser)
[[0;32m  OK  [0m] Started Load Kernel Modules.
         Starting Apply Kernel Variables...
         Mounting Kernel Configuration File System...
         Mounting FUSE Control File System...
[[0;32m  OK  [0m] Mounted Kernel Configuration File System.
[[0;32m  OK  [0m] Started Flush Journal to Persistent Storage.
[[0;32m  OK  [0m] Mounted FUSE Control File System.
[[0;32m  OK  [0m] Started udev Kernel Device Manager.
[[0;32m  OK  [0m] Started Apply Kernel Variables.
[[0;32m  OK  [0m] Found device /dev/ttyS0.
[[0;32m  OK  [0m] Listening on Load/Save RF Kill Switch Status /dev/rfkill Watch.
[[0;32m  OK  [0m] Started Set the console keyboard layout.
[[0;32m  OK  [0m] Started Dispatch Password Requests to Console Directory Watch.
[[0;32m  OK  [0m] Reached target Local Encrypted Volumes.
[[0;32m  OK  [0m] Reached target Local File Systems (Pre).
[[0;32m  OK  [0m] Reached target Local File Systems.
         Starting Tell Plymouth To Write Out Runtime Data...
         Starting Set console font and keymap...
         Starting ebtables ruleset management...
         Starting Commit a transient machine-id on disk...
         Starting Create Volatile Files and Directories...
         Starting AppArmor initialization...
[[0;32m  OK  [0m] Started Tell Plymouth To Write Out Runtime Data.
[[0;32m  OK  [0m] Started Set console font and keymap.
[[0;32m  OK  [0m] Started Create Volatile Files and Directories.
         Starting Update UTMP about System Boot/Shutdown...
[[0;32m  OK  [0m] Started Update UTMP about System Boot/Shutdown.
[[0;32m  OK  [0m] Started Commit a transient machine-id on disk.
[[0;32m  OK  [0m] Started ebtables ruleset management.
[[0;32m  OK  [0m] Started AppArmor initialization.
         Starting Load AppArmor profiles managed internally by snapd...
         Starting Initial cloud-init job (pre-networking)...
[[0;32m  OK  [0m] Started Load AppArmor profiles managed internally by snapd.
[   35.727803] cloud-init[638]: Cloud-init v. 21.4-0ubuntu1~18.04.1 running 'init-local' at Sat, 12 Mar 2022 13:09:44 +0000. Up 35.14 seconds.
[[0;32m  OK  [0m] Started Initial cloud-init job (pre-networking).
[[0;32m  OK  [0m] Reached target Network (Pre).
         Starting Network Service...
[[0;32m  OK  [0m] Started Network Service.
         Starting Network Name Resolution...
         Starting Wait for Network to be Configured...
[[0;32m  OK  [0m] Started Network Name Resolution.
[[0;32m  OK  [0m] Reached target Network.
[[0;32m  OK  [0m] Reached target Host and Network Name Lookups.
[[0;32m  OK  [0m] Started Wait for Network to be Configured.
         Starting Initial cloud-init job (metadata service crawler)...
[   38.361087] cloud-init[786]: Cloud-init v. 21.4-0ubuntu1~18.04.1 running 'init' at Sat, 12 Mar 2022 13:09:47 +0000. Up 38.08 seconds.
[   38.377481] cloud-init[786]: ci-info: ++++++++++++++++++++++++++++++++++++++Net device info++++++++++++++++++++++++++++++++++++++
[   38.390482] cloud-init[786]: ci-info: +--------+------+----------------------------+---------------+--------+-------------------+
[   38.398649] cloud-init[786]: ci-info: | Device |  Up  |          Address           |      Mask     | Scope  |     Hw-Address    |
[   38.404276] cloud-init[786]: ci-info: +--------+------+----------------------------+---------------+--------+-------------------+
[   38.411781] cloud-init[786]: ci-info: | enp0s3 | True |         10.0.2.15          | 255.255.255.0 | global | 02:4d:90:b0:a6:cd |
[   38.420097] cloud-init[786]: ci-info: | enp0s3 | True | fe80::4d:90ff:feb0:a6cd/64 |       .       |  link  | 02:4d:90:b0:a6:cd |
[   38.425628] cloud-init[786]: ci-info: |   lo   | True |         127.0.0.1          |   255.0.0.0   |  host  |         .         |
[   38.431653] cloud-init[786]: ci-info: |   lo   | True |          ::1/128           |       .       |  host  |         .         |
[   38.437947] cloud-init[786]: ci-info: +--------+------+----------------------------+---------------+--------+-------------------+
[   38.447949] cloud-init[786]: ci-info: ++++++++++++++++++++++++++++Route IPv4 info+++++++++++++++++++++++++++++
[   38.456099] cloud-init[786]: ci-info: +-------+-------------+----------+-----------------+-----------+-------+
[   38.481201] cloud-init[786]: ci-info: | Route | Destination | Gateway  |     Genmask     | Interface | Flags |
[   38.497950] cloud-init[786]: ci-info: +-------+-------------+----------+-----------------+-----------+-------+
[   38.503681] cloud-init[786]: ci-info: |   0   |   0.0.0.0   | 10.0.2.2 |     0.0.0.0     |   enp0s3  |   UG  |
[   38.513248] cloud-init[786]: ci-info: |   1   |   10.0.2.0  | 0.0.0.0  |  255.255.255.0  |   enp0s3  |   U   |
[   38.528474] cloud-init[786]: ci-info: |   2   |   10.0.2.2  | 0.0.0.0  | 255.255.255.255 |   enp0s3  |   UH  |
[   38.545208] cloud-init[786]: ci-info: +-------+-------------+----------+-----------------+-----------+-------+
[   38.551642] cloud-init[786]: ci-info: +++++++++++++++++++Route IPv6 info+++++++++++++++++++
[   38.561130] cloud-init[786]: ci-info: +-------+-------------+---------+-----------+-------+
[   38.565896] cloud-init[786]: ci-info: | Route | Destination | Gateway | Interface | Flags |
[   38.570844] cloud-init[786]: ci-info: +-------+-------------+---------+-----------+-------+
[   38.575483] cloud-init[786]: ci-info: |   1   |  fe80::/64  |    ::   |   enp0s3  |   U   |
[   38.579293] cloud-init[786]: ci-info: |   3   |    local    |    ::   |   enp0s3  |   U   |
[   38.583188] cloud-init[786]: ci-info: |   4   |   ff00::/8  |    ::   |   enp0s3  |   U   |
[   38.586792] cloud-init[786]: ci-info: +-------+-------------+---------+-----------+-------+
[   40.475608] cloud-init[786]: Generating public/private rsa key pair.
[[0;32m  OK  [0m] Started Initial cloud-init job (metadata service crawler).
[   41.074057] cloud-init[786]: Your identification has been saved in /etc/ssh/ssh_host_rsa_key.
[   41.095194] cloud-init[786]: Your public key has been saved in /etc/ssh/ssh_host_rsa_key.pub.
[[0;32m  OK  [0m] Reached target Cloud-config availability.
[[0;32m  OK  [0m] Reached target Network is Online.
[   41.104113] cloud-init[786]: The key fingerprint is:
[   41.117937] cloud-init[786]: SHA256:l6JzZ3RR0TQouLaaw1D49AmHceTc4dpRcHYAxM06hfs root@ubuntu-bionic
[[0;32m  OK  [0m] Reached target Remote File Systems (Pre).
[[0;32m  OK  [0m] Reached target Remote File Systems.
[   41.125209] cloud-init[786]: The key's randomart image is:
         Starting Availability of block devices...
[[0;32m  OK  [0m] Reached target System Initialization.
[[0;32m  OK  [0m] Listening on UUID daemon activation socket.
[   41.158552] cloud-init[786]: +---[RSA 2048]----+
[   41.168117] cloud-init[786]: |        ..+=*==*.|
[   41.175962]          cloud-initStarting LXD - unix socket.[786]: 
|       .ooo+=*. o|
[   41.182509] [cloud-init[0;32m  OK  [0m[786]: ] |      . +o.+*    |Started Discard unused blocks once a week.

[   41.182631] cloud-init[786]: |     . = +o=..   |
[[0;32m  OK  [0m] Started Message of the Day.
[   41.191484] cloud-init[786]: |      + S.*.+    |
[   41.203918] cloud-init[786]: |     . o B . E   |
[   41.204275] cloud-init[786]: |      = + o      |
[[0;32m  OK  [0m] Listening on cloud-init hotplug hook socket.
[   41.204366] cloud-init[786]: |       B o       |
[   41.228106] cloud-init[786]: |        .        |
[[0;32m  OK  [0m] Started ACPI Events Check.
[[   41.244061] [0;32m  OK  [0mcloud-init] [786]: Started Daily Cleanup of Temporary Directories.+----[SHA256]-----+

[   41.304414] [cloud-init[0;32m  OK  [0m[786]: ] Generating public/private dsa key pair.Listening on D-Bus System Message Bus Socket.

[[0;32m  OK  [0m] Listening on ACPID Listen Socket.
[   41.405762] cloud-init[786]: Your identification has been saved in /etc/ssh/ssh_host_dsa_key.
[[0;32m  OK  [0m] Started Trigger to poll for Ubuntu â€¦(Only enabled on GCP LTS non-pro).
[[0;32m  OK  [0m] Reached target Paths.
[   41.523464] cloud-init[786]: Your public key has been saved in /etc/ssh/ssh_host_dsa_key.pub.
[   41.641795] cloud-init[786]: The key fingerprint is:
[   41.647594] cloud-init[786]: SHA256:Y3NCg5CP8+5iTztSI+dQieXujtJQumv1bVbjm/oX8aE root@ubuntu-bionic
[[   41.659419] [0;32m  OK  [0mcloud-init] [786]: Started Daily apt download activities.The key's randomart image is:

[[0;32m  OK  [0m] Started Daily apt upgrade and clean activities.
[[0;32m  OK  [0m] Listening on Open-iSCSI iscsid Socket.
[[0;32m  OK  [0m] Started Ubuntu Advantage Timer for running repeated jobs.
[[0;32m  OK  [0m] Reached target Timers.
         Starting Socket activation for snappy daemon.
[   41.662541] cloud-init[786]: +---[DSA 1024]----+
[   42.015709] cloud-init[786]: |    ..           |
[[0;32m  OK  [0m] Started Availability of block devices.
[   42.019165] cloud-init[786]: |    ....         |
[[0;32m  OK  [0m] Listening on LXD - unix socket.
[[0;32m  OK  [0m] Listening on Socket activation for snappy daemon.
[   42.032804] cloud-init[786]: |     *..o        |
[[   42.127746] [0;32m  OK  [0mcloud-init] [786]: Reached target Sockets.|    = =. .  . .  |

[   42.141586] cloud-init[786]: |   o =  S .  + . |
[[   42.545992] cloud-init[786]: |  o + *. =o E .  |
[0;32m  OK  [0m[   42.549250] ] cloud-initReached target Basic System.[786]: 
|   = X.o o . .   |
[   42.670376] cloud-init[786]: |  + =o*.+ ...    |
[   42.677243] cloud-init[786]: | ..+.*=+.o+o     |
[   42.788165] cloud-init[786]: +----[SHA256]-----+
[   42.792233] cloud-init[786]: Generating public/private ecdsa key pair.
[   42.823970] cloud-init[786]: Your identification has been saved in /etc/ssh/ssh_host_ecdsa_key.
[   42.903790] cloud-init[786]: Your public key has been saved in /etc/ssh/ssh_host_ecdsa_key.pub.
[   42.914590] cloud-init[786]: The key fingerprint is:
[   42.919207] cloud-init[786]: SHA256:E7aE8UtZbxiDOxzlErD7xjiqNsErMCVlr6GWnakPZfQ root@ubuntu-bionic
         Starting Virtualbox guest utils...
[   42.924981] cloud-init[786]: The key's randomart image is:
[   42.940287] cloud-init[786]: +---[ECDSA 256]---+
[   42.944502] cloud-init[786]: |      o..o=      |
[[0;32m  OK  [0m] Started irqbalance daemon.
[   42.950113] cloud-init[786]: |  o    =o= =     |
[   42.983637] cloud-init[786]: | o o  o.Ooo o    |
[   43.009040] cloud-init[786]: |. + o  =+= .     |
[   43.012609] cloud-init[786]: | =o=oE. S.       |
         Starting Login Service...
[   43.223750] cloud-init[786]: |+o*+   + .       |
         Starting LSB: automatic crash report generation...
         Starting LSB: Record successful boot for GRUB...
         Starting System Logging Service...
[[0;32m  OK  [0m] Started D-Bus System Message Bus.
[   43.242514] cloud-init[786]: |oo.o  o +        |
[   43.279850] cloud-init[786]: |..=  . o         |
[   43.284510] cloud-init[786]: | oo+.            |
[   43.287276] cloud-init[786]: +----[SHA256]-----+
[   43.293946] cloud-init[786]: Generating public/private ed25519 key pair.
[   43.403895] cloud-init[786]: Your identification has been saved in /etc/ssh/ssh_host_ed25519_key.
[   43.458697] cloud-init[786]: Your public key has been saved in /etc/ssh/ssh_host_ed25519_key.pub.
[   43.471926] cloud-init[786]: The key fingerprint is:
[   43.533505] cloud-init[786]: SHA256:msG/a4l84YVvcSuFiweqE/Ogb5D+A5h0c9Tj0Yv6ta4 root@ubuntu-bionic
[   43.562026] cloud-init[786]: The key's randomart image is:
[   43.574854] cloud-init[786]: +--[ED25519 256]--+
[   43.619783] cloud-init[786]: |      . .        |
[   43.886599] cloud-init[786]: |     . + .       |
[   43.889897] cloud-init[786]: |    . . + .      |
[   43.898587] cloud-init[786]: | . o o o .       |
[   43.906449] cloud-init[786]: |.o..o + S. .     |
[   43.953592] cloud-init[786]: |o + +. =+.+ o    |
[   43.977296] cloud-init[786]: | . + *++oB.= .   |
[   43.988368] cloud-init[786]: |  o + =.*o* .    |
[   44.007356] cloud-init[786]: |   +++ E== .     |
[   44.054155] cloud-init[786]: +----[SHA256]-----+
[[0;32m  OK  [0m] Started Login Service.
[[0;32m  OK  [0m] Started Unattended Upgrades Shutdown.
         Starting Pollinate to seed the pseudo random number generator...
[[0;32m  OK  [0m] Started Regular background program processing daemon.
         Starting Snap Daemon...
         Starting Dispatcher daemon for systemd-networkd...
[[0;32m  OK  [0m] Started Deferred execution scheduler.
         Starting Permit User Sessions...
         Starting Accounts Service...
[[0;32m  OK  [0m] Started FUSE filesystem for LXC.
         Starting LXD - container startup/shutdown...
[[0;32m  OK  [0m] Started System Logging Service.
[[0;32m  OK  [0m] Started Permit User Sessions.
         Starting Terminate Plymouth Boot Screen...
         Starting Hold until boot process finishes up...
[[0;32m  OK  [0m] Started Hold until boot process finishes up.
[[0;32m  OK  [0m] Started Terminate Plymouth Boot Screen.
[[0;32m  OK  [0m] Started Serial Getty on ttyS0.
         Starting Set console scheme...
[[0;32m  OK  [0m] Started Set console scheme.
[[0;32m  OK  [0m] Started LSB: automatic crash report generation.
[[0;32m  OK  [0m] Started LSB: Record successful boot for GRUB.
[[0;32m  OK  [0m] Created slice system-getty.slice.
[[0;32m  OK  [0m] Started Getty on tty1.
[[0;32m  OK  [0m] Reached target Login Prompts.
         Starting Authorization Manager...
[[0;32m  OK  [0m] Started Dispatcher daemon for systemd-networkd.
[[0;32m  OK  [0m] Started Virtualbox guest utils.
[[0;32m  OK  [0m] Started Authorization Manager.
[[0;32m  OK  [0m] Started Accounts Service.
[[0;32m  OK  [0m] Started LXD - container startup/shutdown.
[[0;32m  OK  [0m] Started Pollinate to seed the pseudo random number generator.
         Starting OpenBSD Secure Shell server...
[[0;32m  OK  [0m] Started OpenBSD Secure Shell server.

Ubuntu 18.04.6 LTS ubuntu-bionic ttyS0

ubuntu-bionic login: [   61.121008] cloud-init[1515]: Cloud-init v. 21.4-0ubuntu1~18.04.1 running 'modules:config' at Sat, 12 Mar 2022 13:10:07 +0000. Up 58.26 seconds.
ci-info: no authorized SSH keys fingerprints found for user ubuntu.
<14>Mar 12 13:10:12 cloud-init: #############################################################
<14>Mar 12 13:10:12 cloud-init: -----BEGIN SSH HOST KEY FINGERPRINTS-----
<14>Mar 12 13:10:12 cloud-init: 1024 SHA256:Y3NCg5CP8+5iTztSI+dQieXujtJQumv1bVbjm/oX8aE root@ubuntu-bionic (DSA)
<14>Mar 12 13:10:12 cloud-init: 256 SHA256:E7aE8UtZbxiDOxzlErD7xjiqNsErMCVlr6GWnakPZfQ root@ubuntu-bionic (ECDSA)
<14>Mar 12 13:10:12 cloud-init: 256 SHA256:msG/a4l84YVvcSuFiweqE/Ogb5D+A5h0c9Tj0Yv6ta4 root@ubuntu-bionic (ED25519)
<14>Mar 12 13:10:12 cloud-init: 2048 SHA256:l6JzZ3RR0TQouLaaw1D49AmHceTc4dpRcHYAxM06hfs root@ubuntu-bionic (RSA)
<14>Mar 12 13:10:12 cloud-init: -----END SSH HOST KEY FINGERPRINTS-----
<14>Mar 12 13:10:12 cloud-init: #############################################################
-----BEGIN SSH HOST KEY KEYS-----
ecdsa-sha2-nistp256 AAAAE2VjZHNhLXNoYTItbmlzdHAyNTYAAAAIbmlzdHAyNTYAAABBBAXr5btU3ltU4OUTjtNJmREYnWVKxq91b/4NWoUgynor2bzvZLNpuMDD3y6oTrKWlvnDutCfB2lO7K0BJKpmKfs= root@ubuntu-bionic
ssh-ed25519 AAAAC3NzaC1lZDI1NTE5AAAAIJbkD4BeimYZnMnY0ba9Lvccz4XinFWXBTh6904abXC6 root@ubuntu-bionic
ssh-rsa AAAAB3NzaC1yc2EAAAADAQABAAABAQCmlVYsXmunhdROIBWpfn+eTi1N8s2Moq7V7S+tSDHu6glBrX/H9LxfoOhgrCTV8ImHe/IRBFxAnTIV4QXYvmR8hwaFdFFLaRAnkQAGHcbi7DoeYnfW5j55Xpeke9wg+NpPcaLD2SpEgMHbtwpI02zk+f3ZtrR0B62eJcFXXCyYHQ2lVZlath2/0PBRa7Q0E40aquz9h7NtOIy6wJ5qHDrA3Z8esIt/c7vTANH63pbAE5cwXJmOkxooRuAODfRUQeZ329hPAjP8FxVnQGLnWOEcxX6lKUCCtWS4K8FGtnMF6IdTDQEWJDOoOinFP2OEU3J402HnOtiyI3VxG21qErjh root@ubuntu-bionic
-----END SSH HOST KEY KEYS-----
[   63.223465] cloud-init[1612]: Cloud-init v. 21.4-0ubuntu1~18.04.1 running 'modules:final' at Sat, 12 Mar 2022 13:10:12 +0000. Up 62.35 seconds.
[   63.223728] cloud-init[1612]: ci-info: no authorized SSH keys fingerprints found for user ubuntu.
[   63.223813] cloud-init[1612]: Cloud-init v. 21.4-0ubuntu1~18.04.1 finished at Sat, 12 Mar 2022 13:10:12 +0000. Datasource DataSourceNoCloud [seed=/dev/sdb][dsmode=net].  Up 63.19 seconds
